// Maximilian Thompson

Jan 13 14:36:14 amelia-VirtualBox rsyslogd: [origin software="rsyslogd" swVersion="8.16.0" x-pid="1776" x-info="http://www.rsyslog.com"] start
Jan 13 14:36:14 amelia-VirtualBox rsyslogd-2222: command 'KLogPermitNonKernelFacility' is currently not permitted - did you already set it via a RainerScript command (v6+ config)? [v8.16.0 try http://www.rsyslog.com/e/2222 ]
Jan 13 14:36:14 amelia-VirtualBox rsyslogd: rsyslogd's groupid changed to 108
Jan 13 14:36:14 amelia-VirtualBox rsyslogd: rsyslogd's userid changed to 104
Jan 13 14:36:14 amelia-VirtualBox rsyslogd-2039: Could not open output pipe '/dev/xconsole':: No such file or directory [v8.16.0 try http://www.rsyslog.com/e/2039 ]
Jan 13 14:36:14 amelia-VirtualBox rsyslogd-2007: action 'action 10' suspended, next retry is Sun Jan 13 14:36:44 2019 [v8.16.0 try http://www.rsyslog.com/e/2007 ]
Jan 13 14:36:14 amelia-VirtualBox kernel: [    0.000000] Initializing cgroup subsys cpuset
Jan 13 14:36:14 amelia-VirtualBox kernel: [    0.000000] Initializing cgroup subsys cpu
Jan 13 14:36:14 amelia-VirtualBox kernel: [    0.000000] Initializing cgroup subsys cpuacct
Jan 13 14:36:14 amelia-VirtualBox kernel: [    0.000000] Linux version 4.4.0-31-generic (buildd@lgw01-58) (gcc version 5.3.1 20160413 (Ubuntu 5.3.1-14ubuntu2.1) ) #50-Ubuntu SMP Wed Jul 13 00:06:14 UTC 2016 (Ubuntu 4.4.0-31.50-generic 4.4.13)
Jan 13 14:36:14 amelia-VirtualBox kernel: [    0.000000] KERNEL supported cpus:
Jan 13 14:36:14 amelia-VirtualBox kernel: [    0.000000]   Intel GenuineIntel
Jan 13 14:36:14 amelia-VirtualBox kernel: [    0.000000]   AMD AuthenticAMD
Jan 13 14:36:14 amelia-VirtualBox kernel: [    0.000000]   NSC Geode by NSC
Jan 13 14:36:14 amelia-VirtualBox kernel: [    0.000000]   Cyrix CyrixInstead
Jan 13 14:36:14 amelia-VirtualBox kernel: [    0.000000]   Centaur CentaurHauls
Jan 13 14:36:14 amelia-VirtualBox kernel: [    0.000000]   Transmeta GenuineTMx86
Jan 13 14:36:14 amelia-VirtualBox kernel: [    0.000000]   Transmeta TransmetaCPU
Jan 13 14:36:14 amelia-VirtualBox kernel: [    0.000000]   UMC UMC UMC UMC
Jan 13 14:36:14 amelia-VirtualBox kernel: [    0.000000] x86/fpu: xstate_offset[2]:  576, xstate_sizes[2]:  256
Jan 13 14:36:14 amelia-VirtualBox kernel: [    0.000000] x86/fpu: Supporting XSAVE feature 0x01: 'x87 floating point registers'
Jan 13 14:36:14 amelia-VirtualBox kernel: [    0.000000] x86/fpu: Supporting XSAVE feature 0x02: 'SSE registers'
Jan 13 14:36:14 amelia-VirtualBox kernel: [    0.000000] x86/fpu: Supporting XSAVE feature 0x04: 'AVX registers'
Jan 13 14:36:14 amelia-VirtualBox kernel: [    0.000000] x86/fpu: Enabled xstate features 0x7, context size is 832 bytes, using 'standard' format.
Jan 13 14:36:14 amelia-VirtualBox kernel: [    0.000000] x86/fpu: Using 'lazy' FPU context switches.
Jan 13 14:36:14 amelia-VirtualBox kernel: [    0.000000] e820: BIOS-provided physical RAM map:
Jan 13 14:36:14 amelia-VirtualBox kernel: [    0.000000] BIOS-e820: [mem 0x0000000000000000-0x000000000009fbff] usable
Jan 13 14:36:14 amelia-VirtualBox kernel: [    0.000000] BIOS-e820: [mem 0x000000000009fc00-0x000000000009ffff] reserved
Jan 13 14:36:14 amelia-VirtualBox kernel: [    0.000000] BIOS-e820: [mem 0x00000000000f0000-0x00000000000fffff] reserved
Jan 13 14:36:14 amelia-VirtualBox kernel: [    0.000000] BIOS-e820: [mem 0x0000000000100000-0x00000000dffeffff] usable
Jan 13 14:36:14 amelia-VirtualBox kernel: [    0.000000] BIOS-e820: [mem 0x00000000dfff0000-0x00000000dfffffff] ACPI data
Jan 13 14:36:14 amelia-VirtualBox kernel: [    0.000000] BIOS-e820: [mem 0x00000000fec00000-0x00000000fec00fff] reserved
Jan 13 14:36:14 amelia-VirtualBox kernel: [    0.000000] BIOS-e820: [mem 0x00000000fee00000-0x00000000fee00fff] reserved
Jan 13 14:36:14 amelia-VirtualBox kernel: [    0.000000] BIOS-e820: [mem 0x00000000fffc0000-0x00000000ffffffff] reserved
Jan 13 14:36:14 amelia-VirtualBox kernel: [    0.000000] BIOS-e820: [mem 0x0000000100000000-0x00000001593fffff] usable
Jan 13 14:36:14 amelia-VirtualBox kernel: [    0.000000] NX (Execute Disable) protection: active
Jan 13 14:36:14 amelia-VirtualBox kernel: [    0.000000] SMBIOS 2.5 present.
Jan 13 14:36:14 amelia-VirtualBox kernel: [    0.000000] DMI: innotek GmbH VirtualBox/VirtualBox, BIOS VirtualBox 12/01/2006
Jan 13 14:36:14 amelia-VirtualBox kernel: [    0.000000] Hypervisor detected: KVM
Jan 13 14:36:14 amelia-VirtualBox kernel: [    0.000000] e820: update [mem 0x00000000-0x00000fff] usable ==> reserved
Jan 13 14:36:14 amelia-VirtualBox kernel: [    0.000000] e820: remove [mem 0x000a0000-0x000fffff] usable
Jan 13 14:36:14 amelia-VirtualBox kernel: [    0.000000] e820: last_pfn = 0x159400 max_arch_pfn = 0x1000000
Jan 13 14:36:14 amelia-VirtualBox kernel: [    0.000000] MTRR default type: uncachable
Jan 13 14:36:14 amelia-VirtualBox kernel: [    0.000000] MTRR variable ranges disabled:
Jan 13 14:36:14 amelia-VirtualBox kernel: [    0.000000] x86/PAT: Configuration [0-7]: WB  WC  UC- UC  WB  WC  UC- WT  
Jan 13 14:36:14 amelia-VirtualBox kernel: [    0.000000] MTRR: Disabled
Jan 13 14:36:14 amelia-VirtualBox kernel: [    0.000000] CPU MTRRs all blank - virtualized system.
Jan 13 14:36:14 amelia-VirtualBox kernel: [    0.000000] Scanning 1 areas for low memory corruption
Jan 13 14:36:14 amelia-VirtualBox kernel: [    0.000000] initial memory mapped: [mem 0x00000000-0x021fffff]
Jan 13 14:36:14 amelia-VirtualBox kernel: [    0.000000] Base memory trampoline at [c009b000] 9b000 size 16384
Jan 13 14:36:14 amelia-VirtualBox kernel: [    0.000000] BRK [0x01d54000, 0x01d54fff] PGTABLE
Jan 13 14:36:14 amelia-VirtualBox kernel: [    0.000000] BRK [0x01d55000, 0x01d55fff] PGTABLE
Jan 13 14:36:14 amelia-VirtualBox kernel: [    0.000000] RAMDISK: [mem 0x33ce8000-0x35e6bfff]
Jan 13 14:36:14 amelia-VirtualBox kernel: [    0.000000] ACPI: Early table checksum verification disabled
Jan 13 14:36:14 amelia-VirtualBox kernel: [    0.000000] ACPI: RSDP 0x00000000000E0000 000024 (v02 VBOX  )
Jan 13 14:36:14 amelia-VirtualBox kernel: [    0.000000] ACPI: XSDT 0x00000000DFFF0030 000034 (v01 VBOX   VBOXXSDT 00000001 ASL  00000061)
Jan 13 14:36:14 amelia-VirtualBox kernel: [    0.000000] ACPI: FACP 0x00000000DFFF00F0 0000F4 (v04 VBOX   VBOXFACP 00000001 ASL  00000061)
Jan 13 14:36:14 amelia-VirtualBox kernel: [    0.000000] ACPI: DSDT 0x00000000DFFF0410 0022EA (v02 VBOX   VBOXBIOS 00000002 INTL 20180105)
Jan 13 14:36:14 amelia-VirtualBox kernel: [    0.000000] ACPI: FACS 0x00000000DFFF0200 000040
Jan 13 14:36:14 amelia-VirtualBox kernel: [    0.000000] ACPI: FACS 0x00000000DFFF0200 000040
Jan 13 14:36:14 amelia-VirtualBox kernel: [    0.000000] ACPI: SSDT 0x00000000DFFF0240 0001CC (v01 VBOX   VBOXCPUT 00000002 INTL 20180105)
Jan 13 14:36:14 amelia-VirtualBox kernel: [    0.000000] 4632MB HIGHMEM available.
Jan 13 14:36:14 amelia-VirtualBox kernel: [    0.000000] 891MB LOWMEM available.
Jan 13 14:36:14 amelia-VirtualBox kernel: [    0.000000]   mapped low ram: 0 - 37bfe000
Jan 13 14:36:14 amelia-VirtualBox kernel: [    0.000000]   low ram: 0 - 37bfe000
Jan 13 14:36:14 amelia-VirtualBox kernel: [    0.000000] kvm-clock: Using msrs 4b564d01 and 4b564d00
Jan 13 14:36:14 amelia-VirtualBox kernel: [    0.000000] kvm-clock: cpu 0, msr 0:37bfd001, primary cpu clock
Jan 13 14:36:14 amelia-VirtualBox kernel: [    0.000000] kvm-clock: using sched offset of 1147136097157 cycles
Jan 13 14:36:14 amelia-VirtualBox kernel: [    0.000000] clocksource: kvm-clock: mask: 0xffffffffffffffff max_cycles: 0x1cd42e4dffb, max_idle_ns: 881590591483 ns
Jan 13 14:36:14 amelia-VirtualBox kernel: [    0.000000] Zone ranges:
Jan 13 14:36:14 amelia-VirtualBox kernel: [    0.000000]   DMA      [mem 0x0000000000001000-0x0000000000ffffff]
Jan 13 14:36:14 amelia-VirtualBox kernel: [    0.000000]   Normal   [mem 0x0000000001000000-0x0000000037bfdfff]
Jan 13 14:36:14 amelia-VirtualBox kernel: [    0.000000]   HighMem  [mem 0x0000000037bfe000-0x00000001593fffff]
Jan 13 14:36:14 amelia-VirtualBox kernel: [    0.000000] Movable zone start for each node
Jan 13 14:36:14 amelia-VirtualBox kernel: [    0.000000] Early memory node ranges
Jan 13 14:36:14 amelia-VirtualBox kernel: [    0.000000]   node   0: [mem 0x0000000000001000-0x000000000009efff]
Jan 13 14:36:14 amelia-VirtualBox kernel: [    0.000000]   node   0: [mem 0x0000000000100000-0x00000000dffeffff]
Jan 13 14:36:14 amelia-VirtualBox kernel: [    0.000000]   node   0: [mem 0x0000000100000000-0x00000001593fffff]
Jan 13 14:36:14 amelia-VirtualBox kernel: [    0.000000] Initmem setup node 0 [mem 0x0000000000001000-0x00000001593fffff]
Jan 13 14:36:14 amelia-VirtualBox kernel: [    0.000000] On node 0 totalpages: 1282958
Jan 13 14:36:14 amelia-VirtualBox kernel: [    0.000000]   DMA zone: 40 pages used for memmap
Jan 13 14:36:14 amelia-VirtualBox kernel: [    0.000000]   DMA zone: 0 pages reserved
Jan 13 14:36:14 amelia-VirtualBox kernel: [    0.000000]   DMA zone: 3998 pages, LIFO batch:0
Jan 13 14:36:14 amelia-VirtualBox kernel: [    0.000000]   Normal zone: 2190 pages used for memmap
Jan 13 14:36:14 amelia-VirtualBox kernel: [    0.000000]   Normal zone: 224254 pages, LIFO batch:31
Jan 13 14:36:14 amelia-VirtualBox kernel: [    0.000000]   HighMem zone: 1054706 pages, LIFO batch:31
Jan 13 14:36:14 amelia-VirtualBox kernel: [    0.000000] Using APIC driver default
Jan 13 14:36:14 amelia-VirtualBox kernel: [    0.000000] ACPI: PM-Timer IO Port: 0x4008
Jan 13 14:36:14 amelia-VirtualBox kernel: [    0.000000] smpboot: Allowing 1 CPUs, 0 hotplug CPUs
Jan 13 14:36:14 amelia-VirtualBox kernel: [    0.000000] Found and enabled local APIC!
Jan 13 14:36:14 amelia-VirtualBox kernel: [    0.000000] PM: Registered nosave memory: [mem 0x00000000-0x00000fff]
Jan 13 14:36:14 amelia-VirtualBox kernel: [    0.000000] PM: Registered nosave memory: [mem 0x0009f000-0x0009ffff]
Jan 13 14:36:14 amelia-VirtualBox kernel: [    0.000000] PM: Registered nosave memory: [mem 0x000a0000-0x000effff]
Jan 13 14:36:14 amelia-VirtualBox kernel: [    0.000000] PM: Registered nosave memory: [mem 0x000f0000-0x000fffff]
Jan 13 14:36:14 amelia-VirtualBox kernel: [    0.000000] e820: [mem 0xe0000000-0xfebfffff] available for PCI devices
Jan 13 14:36:14 amelia-VirtualBox kernel: [    0.000000] Booting paravirtualized kernel on KVM
Jan 13 14:36:14 amelia-VirtualBox kernel: [    0.000000] clocksource: refined-jiffies: mask: 0xffffffff max_cycles: 0xffffffff, max_idle_ns: 7645519600211568 ns
Jan 13 14:36:14 amelia-VirtualBox kernel: [    0.000000] setup_percpu: NR_CPUS:8 nr_cpumask_bits:8 nr_cpu_ids:1 nr_node_ids:1
Jan 13 14:36:14 amelia-VirtualBox kernel: [    0.000000] PERCPU: Embedded 19 pages/cpu @f62c3000 s47436 r0 d30388 u77824
Jan 13 14:36:14 amelia-VirtualBox kernel: [    0.000000] pcpu-alloc: s47436 r0 d30388 u77824 alloc=19*4096
Jan 13 14:36:14 amelia-VirtualBox kernel: [    0.000000] pcpu-alloc: [0] 0 
Jan 13 14:36:14 amelia-VirtualBox kernel: [    0.000000] PV qspinlock hash table entries: 512 (order: 0, 4096 bytes)
Jan 13 14:36:14 amelia-VirtualBox kernel: [    0.000000] Built 1 zonelists in Zone order, mobility grouping on.  Total pages: 1280728
Jan 13 14:36:14 amelia-VirtualBox kernel: [    0.000000] Kernel command line: BOOT_IMAGE=/boot/vmlinuz-4.4.0-31-generic root=UUID=bededefd-7e3e-4ca0-a186-b0ea94b3f91f ro quiet splash
Jan 13 14:36:14 amelia-VirtualBox kernel: [    0.000000] PID hash table entries: 4096 (order: 2, 16384 bytes)
Jan 13 14:36:14 amelia-VirtualBox kernel: [    0.000000] Dentry cache hash table entries: 131072 (order: 7, 524288 bytes)
Jan 13 14:36:14 amelia-VirtualBox kernel: [    0.000000] Inode-cache hash table entries: 65536 (order: 6, 262144 bytes)
Jan 13 14:36:14 amelia-VirtualBox kernel: [    0.000000] Initializing CPU#0
Jan 13 14:36:14 amelia-VirtualBox kernel: [    0.000000] Initializing HighMem for node 0 (00037bfe:00159400)
Jan 13 14:36:14 amelia-VirtualBox kernel: [    0.000000] Initializing Movable for node 0 (00000000:00000000)
Jan 13 14:36:14 amelia-VirtualBox kernel: [    0.000000] Memory: 5031544K/5131832K available (7887K kernel code, 767K rwdata, 3132K rodata, 948K init, 800K bss, 100288K reserved, 0K cma-reserved, 4218824K highmem)
Jan 13 14:36:14 amelia-VirtualBox kernel: [    0.000000] virtual kernel memory layout:
Jan 13 14:36:14 amelia-VirtualBox kernel: [    0.000000]     fixmap  : 0xfff15000 - 0xfffff000   ( 936 kB)
Jan 13 14:36:14 amelia-VirtualBox kernel: [    0.000000]     pkmap   : 0xffc00000 - 0xffe00000   (2048 kB)
Jan 13 14:36:14 amelia-VirtualBox kernel: [    0.000000]     vmalloc : 0xf83fe000 - 0xffbfe000   ( 120 MB)
Jan 13 14:36:14 amelia-VirtualBox kernel: [    0.000000]     lowmem  : 0xc0000000 - 0xf7bfe000   ( 891 MB)
Jan 13 14:36:14 amelia-VirtualBox kernel: [    0.000000]       .init : 0xc1b86000 - 0xc1c73000   ( 948 kB)
Jan 13 14:36:14 amelia-VirtualBox kernel: [    0.000000]       .data : 0xc17b41d3 - 0xc1b84d00   (3906 kB)
Jan 13 14:36:14 amelia-VirtualBox kernel: [    0.000000]       .text : 0xc1000000 - 0xc17b41d3   (7888 kB)
Jan 13 14:36:14 amelia-VirtualBox kernel: [    0.000000] Checking if this processor honours the WP bit even in supervisor mode...Ok.
Jan 13 14:36:14 amelia-VirtualBox kernel: [    0.000000] SLUB: HWalign=64, Order=0-3, MinObjects=0, CPUs=1, Nodes=1
Jan 13 14:36:14 amelia-VirtualBox kernel: [    0.000000] Hierarchical RCU implementation.
Jan 13 14:36:14 amelia-VirtualBox kernel: [    0.000000] 	Build-time adjustment of leaf fanout to 32.
Jan 13 14:36:14 amelia-VirtualBox kernel: [    0.000000] 	RCU restricting CPUs from NR_CPUS=8 to nr_cpu_ids=1.
Jan 13 14:36:14 amelia-VirtualBox kernel: [    0.000000] RCU: Adjusting geometry for rcu_fanout_leaf=32, nr_cpu_ids=1
Jan 13 14:36:14 amelia-VirtualBox kernel: [    0.000000] NR_IRQS:2304 nr_irqs:32 16
Jan 13 14:36:14 amelia-VirtualBox kernel: [    0.000000] CPU 0 irqstacks, hard=f1c34000 soft=f1c36000
Jan 13 14:36:14 amelia-VirtualBox kernel: [    0.000000] Console: colour VGA+ 80x25
Jan 13 14:36:14 amelia-VirtualBox kernel: [    0.000000] console [tty0] enabled
Jan 13 14:36:14 amelia-VirtualBox kernel: [    0.000000] allocated 5242880 bytes of page_ext
Jan 13 14:36:14 amelia-VirtualBox kernel: [    0.000000] tsc: Detected 3392.366 MHz processor
Jan 13 14:36:14 amelia-VirtualBox kernel: [    0.149813] Calibrating delay loop (skipped) preset value.. 6784.73 BogoMIPS (lpj=13569464)
Jan 13 14:36:14 amelia-VirtualBox kernel: [    0.149816] pid_max: default: 32768 minimum: 301
Jan 13 14:36:14 amelia-VirtualBox kernel: [    0.149822] ACPI: Core revision 20150930
Jan 13 14:36:14 amelia-VirtualBox kernel: [    0.150748] ACPI: 2 ACPI AML tables successfully acquired and loaded
Jan 13 14:36:14 amelia-VirtualBox kernel: [    0.150756] ACPI: setting ELCR to 0200 (from 0e00)
Jan 13 14:36:14 amelia-VirtualBox kernel: [    0.150769] Security Framework initialized
Jan 13 14:36:14 amelia-VirtualBox kernel: [    0.150771] Yama: becoming mindful.
Jan 13 14:36:14 amelia-VirtualBox kernel: [    0.150784] AppArmor: AppArmor initialized
Jan 13 14:36:14 amelia-VirtualBox kernel: [    0.150807] Mount-cache hash table entries: 2048 (order: 1, 8192 bytes)
Jan 13 14:36:14 amelia-VirtualBox kernel: [    0.150808] Mountpoint-cache hash table entries: 2048 (order: 1, 8192 bytes)
Jan 13 14:36:14 amelia-VirtualBox kernel: [    0.150932] Initializing cgroup subsys io
Jan 13 14:36:14 amelia-VirtualBox kernel: [    0.150935] Initializing cgroup subsys memory
Jan 13 14:36:14 amelia-VirtualBox kernel: [    0.150938] Initializing cgroup subsys devices
Jan 13 14:36:14 amelia-VirtualBox kernel: [    0.150940] Initializing cgroup subsys freezer
Jan 13 14:36:14 amelia-VirtualBox kernel: [    0.150942] Initializing cgroup subsys net_cls
Jan 13 14:36:14 amelia-VirtualBox kernel: [    0.150944] Initializing cgroup subsys perf_event
Jan 13 14:36:14 amelia-VirtualBox kernel: [    0.150945] Initializing cgroup subsys net_prio
Jan 13 14:36:14 amelia-VirtualBox kernel: [    0.150947] Initializing cgroup subsys hugetlb
Jan 13 14:36:14 amelia-VirtualBox kernel: [    0.150949] Initializing cgroup subsys pids
Jan 13 14:36:14 amelia-VirtualBox kernel: [    0.151028] CPU: Physical Processor ID: 0
Jan 13 14:36:14 amelia-VirtualBox kernel: [    0.151042] mce: CPU supports 0 MCE banks
Jan 13 14:36:14 amelia-VirtualBox kernel: [    0.151062] process: using mwait in idle threads
Jan 13 14:36:14 amelia-VirtualBox kernel: [    0.151071] Last level iTLB entries: 4KB 512, 2MB 8, 4MB 8
Jan 13 14:36:14 amelia-VirtualBox kernel: [    0.151072] Last level dTLB entries: 4KB 512, 2MB 32, 4MB 32, 1GB 0
Jan 13 14:36:14 amelia-VirtualBox kernel: [    0.173159] Freeing SMP alternatives memory: 28K (c1c73000 - c1c7a000)
Jan 13 14:36:14 amelia-VirtualBox kernel: [    0.180661] ftrace: allocating 31282 entries in 62 pages
Jan 13 14:36:14 amelia-VirtualBox kernel: [    0.227447] smpboot: Max logical packages: 1
Jan 13 14:36:14 amelia-VirtualBox kernel: [    0.227468] smpboot: weird, boot CPU (#0) not listed by the BIOS
Jan 13 14:36:14 amelia-VirtualBox kernel: [    0.227473] smpboot: SMP motherboard not detected
Jan 13 14:36:14 amelia-VirtualBox kernel: [    0.227474] smpboot: SMP disabled
Jan 13 14:36:14 amelia-VirtualBox kernel: [    0.227476] Enabling APIC mode:  Flat.  Using 0 I/O APICs
Jan 13 14:36:14 amelia-VirtualBox kernel: [    0.338167] APIC calibration not consistent with PM-Timer: 103ms instead of 100ms
Jan 13 14:36:14 amelia-VirtualBox kernel: [    0.338170] APIC delta adjusted to PM-Timer: 6256981 (6492068)
Jan 13 14:36:14 amelia-VirtualBox kernel: [    0.338247] Performance Events: unsupported p6 CPU model 42 no PMU driver, software events only.
Jan 13 14:36:14 amelia-VirtualBox kernel: [    0.338285] KVM setup paravirtual spinlock
Jan 13 14:36:14 amelia-VirtualBox kernel: [    0.338852] x86: Booted up 1 node, 1 CPUs
Jan 13 14:36:14 amelia-VirtualBox kernel: [    0.338854] smpboot: Total of 1 processors activated (6784.73 BogoMIPS)
Jan 13 14:36:14 amelia-VirtualBox kernel: [    0.338934] devtmpfs: initialized
Jan 13 14:36:14 amelia-VirtualBox kernel: [    0.339171] evm: security.selinux
Jan 13 14:36:14 amelia-VirtualBox kernel: [    0.339172] evm: security.SMACK64
Jan 13 14:36:14 amelia-VirtualBox kernel: [    0.339172] evm: security.SMACK64EXEC
Jan 13 14:36:14 amelia-VirtualBox kernel: [    0.339173] evm: security.SMACK64TRANSMUTE
Jan 13 14:36:14 amelia-VirtualBox kernel: [    0.339173] evm: security.SMACK64MMAP
Jan 13 14:36:14 amelia-VirtualBox kernel: [    0.339174] evm: security.ima
Jan 13 14:36:14 amelia-VirtualBox kernel: [    0.339175] evm: security.capability
Jan 13 14:36:14 amelia-VirtualBox kernel: [    0.339286] clocksource: jiffies: mask: 0xffffffff max_cycles: 0xffffffff, max_idle_ns: 7645041785100000 ns
Jan 13 14:36:14 amelia-VirtualBox kernel: [    0.339342] pinctrl core: initialized pinctrl subsystem
Jan 13 14:36:14 amelia-VirtualBox kernel: [    0.339438] RTC time: 19:36:01, date: 01/13/19
Jan 13 14:36:14 amelia-VirtualBox kernel: [    0.339757] NET: Registered protocol family 16
Jan 13 14:36:14 amelia-VirtualBox kernel: [    0.339893] EISA bus registered
Jan 13 14:36:14 amelia-VirtualBox kernel: [    0.339896] cpuidle: using governor ladder
Jan 13 14:36:14 amelia-VirtualBox kernel: [    0.339898] cpuidle: using governor menu
Jan 13 14:36:14 amelia-VirtualBox kernel: [    0.339900] PCCT header not found.
Jan 13 14:36:14 amelia-VirtualBox kernel: [    0.339960] ACPI: bus type PCI registered
Jan 13 14:36:14 amelia-VirtualBox kernel: [    0.339961] acpiphp: ACPI Hot Plug PCI Controller Driver version: 0.5
Jan 13 14:36:14 amelia-VirtualBox kernel: [    0.340164] PCI : PCI BIOS area is rw and x. Use pci=nobios if you want it NX.
Jan 13 14:36:14 amelia-VirtualBox kernel: [    0.340166] PCI: PCI BIOS revision 2.10 entry at 0xfda26, last bus=0
Jan 13 14:36:14 amelia-VirtualBox kernel: [    0.340167] PCI: Using configuration type 1 for base access
Jan 13 14:36:14 amelia-VirtualBox kernel: [    0.341216] ACPI: Added _OSI(Module Device)
Jan 13 14:36:14 amelia-VirtualBox kernel: [    0.341218] ACPI: Added _OSI(Processor Device)
Jan 13 14:36:14 amelia-VirtualBox kernel: [    0.341219] ACPI: Added _OSI(3.0 _SCP Extensions)
Jan 13 14:36:14 amelia-VirtualBox kernel: [    0.341220] ACPI: Added _OSI(Processor Aggregator Device)
Jan 13 14:36:14 amelia-VirtualBox kernel: [    0.341648] ACPI: Executed 1 blocks of module-level executable AML code
Jan 13 14:36:14 amelia-VirtualBox kernel: [    0.343290] ACPI: Interpreter enabled
Jan 13 14:36:14 amelia-VirtualBox kernel: [    0.343298] ACPI Exception: AE_NOT_FOUND, While evaluating Sleep State [\_S1_] (20150930/hwxface-580)
Jan 13 14:36:14 amelia-VirtualBox kernel: [    0.343300] ACPI Exception: AE_NOT_FOUND, While evaluating Sleep State [\_S2_] (20150930/hwxface-580)
Jan 13 14:36:14 amelia-VirtualBox kernel: [    0.343302] ACPI Exception: AE_NOT_FOUND, While evaluating Sleep State [\_S3_] (20150930/hwxface-580)
Jan 13 14:36:14 amelia-VirtualBox kernel: [    0.343304] ACPI Exception: AE_NOT_FOUND, While evaluating Sleep State [\_S4_] (20150930/hwxface-580)
Jan 13 14:36:14 amelia-VirtualBox kernel: [    0.343308] ACPI: (supports S0 S5)
Jan 13 14:36:14 amelia-VirtualBox kernel: [    0.343309] ACPI: Using PIC for interrupt routing
Jan 13 14:36:14 amelia-VirtualBox kernel: [    0.343429] PCI: Using host bridge windows from ACPI; if necessary, use "pci=nocrs" and report a bug
Jan 13 14:36:14 amelia-VirtualBox kernel: [    0.346207] ACPI: PCI Root Bridge [PCI0] (domain 0000 [bus 00-ff])
Jan 13 14:36:14 amelia-VirtualBox kernel: [    0.346212] acpi PNP0A03:00: _OSC: OS supports [ASPM ClockPM Segments MSI]
Jan 13 14:36:14 amelia-VirtualBox kernel: [    0.346463] acpi PNP0A03:00: _OSC: not requesting OS control; OS requires [ExtendedConfig ASPM ClockPM MSI]
Jan 13 14:36:14 amelia-VirtualBox kernel: [    0.346466] acpi PNP0A03:00: fail to add MMCONFIG information, can't access extended PCI configuration space under this bridge.
Jan 13 14:36:14 amelia-VirtualBox kernel: [    0.346692] PCI host bridge to bus 0000:00
Jan 13 14:36:14 amelia-VirtualBox kernel: [    0.346695] pci_bus 0000:00: root bus resource [io  0x0000-0x0cf7 window]
Jan 13 14:36:14 amelia-VirtualBox kernel: [    0.346696] pci_bus 0000:00: root bus resource [io  0x0d00-0xffff window]
Jan 13 14:36:14 amelia-VirtualBox kernel: [    0.346697] pci_bus 0000:00: root bus resource [mem 0x000a0000-0x000bffff window]
Jan 13 14:36:14 amelia-VirtualBox kernel: [    0.346699] pci_bus 0000:00: root bus resource [mem 0xe0000000-0xfdffffff window]
Jan 13 14:36:14 amelia-VirtualBox kernel: [    0.346700] pci_bus 0000:00: root bus resource [bus 00-ff]
Jan 13 14:36:14 amelia-VirtualBox kernel: [    0.346727] pci 0000:00:00.0: [8086:1237] type 00 class 0x060000
Jan 13 14:36:14 amelia-VirtualBox kernel: [    0.347065] pci 0000:00:01.0: [8086:7000] type 00 class 0x060100
Jan 13 14:36:14 amelia-VirtualBox kernel: [    0.347478] pci 0000:00:01.1: [8086:7111] type 00 class 0x01018a
Jan 13 14:36:14 amelia-VirtualBox kernel: [    0.347742] pci 0000:00:01.1: reg 0x20: [io  0xd000-0xd00f]
Jan 13 14:36:14 amelia-VirtualBox kernel: [    0.347849] pci 0000:00:01.1: legacy IDE quirk: reg 0x10: [io  0x01f0-0x01f7]
Jan 13 14:36:14 amelia-VirtualBox kernel: [    0.347850] pci 0000:00:01.1: legacy IDE quirk: reg 0x14: [io  0x03f6]
Jan 13 14:36:14 amelia-VirtualBox kernel: [    0.347851] pci 0000:00:01.1: legacy IDE quirk: reg 0x18: [io  0x0170-0x0177]
Jan 13 14:36:14 amelia-VirtualBox kernel: [    0.347852] pci 0000:00:01.1: legacy IDE quirk: reg 0x1c: [io  0x0376]
Jan 13 14:36:14 amelia-VirtualBox kernel: [    0.347992] pci 0000:00:02.0: [15ad:0405] type 00 class 0x030000
Jan 13 14:36:14 amelia-VirtualBox kernel: [    0.350889] pci 0000:00:02.0: reg 0x10: [io  0xd010-0xd01f]
Jan 13 14:36:14 amelia-VirtualBox kernel: [    0.353836] pci 0000:00:02.0: reg 0x14: [mem 0xf0000000-0xf0ffffff]
Jan 13 14:36:14 amelia-VirtualBox kernel: [    0.356940] pci 0000:00:02.0: reg 0x18: [mem 0xf1000000-0xf11fffff]
Jan 13 14:36:14 amelia-VirtualBox kernel: [    0.369653] pci 0000:00:03.0: [8086:100e] type 00 class 0x020000
Jan 13 14:36:14 amelia-VirtualBox kernel: [    0.372970] pci 0000:00:03.0: reg 0x10: [mem 0xf1200000-0xf121ffff]
Jan 13 14:36:14 amelia-VirtualBox kernel: [    0.379350] pci 0000:00:03.0: reg 0x18: [io  0xd020-0xd027]
Jan 13 14:36:14 amelia-VirtualBox kernel: [    0.390821] pci 0000:00:04.0: [80ee:cafe] type 00 class 0x088000
Jan 13 14:36:14 amelia-VirtualBox kernel: [    0.393504] pci 0000:00:04.0: reg 0x10: [io  0xd040-0xd05f]
Jan 13 14:36:14 amelia-VirtualBox kernel: [    0.396309] pci 0000:00:04.0: reg 0x14: [mem 0xf1400000-0xf17fffff]
Jan 13 14:36:14 amelia-VirtualBox kernel: [    0.399375] pci 0000:00:04.0: reg 0x18: [mem 0xf1800000-0xf1803fff pref]
Jan 13 14:36:14 amelia-VirtualBox kernel: [    0.412535] pci 0000:00:05.0: [8086:2415] type 00 class 0x040100
Jan 13 14:36:14 amelia-VirtualBox kernel: [    0.412623] pci 0000:00:05.0: reg 0x10: [io  0xd100-0xd1ff]
Jan 13 14:36:14 amelia-VirtualBox kernel: [    0.412675] pci 0000:00:05.0: reg 0x14: [io  0xd200-0xd23f]
Jan 13 14:36:14 amelia-VirtualBox kernel: [    0.413064] pci 0000:00:06.0: [106b:003f] type 00 class 0x0c0310
Jan 13 14:36:14 amelia-VirtualBox kernel: [    0.416094] pci 0000:00:06.0: reg 0x10: [mem 0xf1804000-0xf1804fff]
Jan 13 14:36:14 amelia-VirtualBox kernel: [    0.435203] pci 0000:00:07.0: [8086:7113] type 00 class 0x068000
Jan 13 14:36:14 amelia-VirtualBox kernel: [    0.435447] pci 0000:00:07.0: quirk: [io  0x4000-0x403f] claimed by PIIX4 ACPI
Jan 13 14:36:14 amelia-VirtualBox kernel: [    0.435455] pci 0000:00:07.0: quirk: [io  0x4100-0x410f] claimed by PIIX4 SMB
Jan 13 14:36:14 amelia-VirtualBox kernel: [    0.435661] pci 0000:00:0d.0: [8086:2829] type 00 class 0x010601
Jan 13 14:36:14 amelia-VirtualBox kernel: [    0.438859] pci 0000:00:0d.0: reg 0x10: [io  0xd240-0xd247]
Jan 13 14:36:14 amelia-VirtualBox kernel: [    0.441945] pci 0000:00:0d.0: reg 0x14: [io  0xd248-0xd24b]
Jan 13 14:36:14 amelia-VirtualBox kernel: [    0.445115] pci 0000:00:0d.0: reg 0x18: [io  0xd250-0xd257]
Jan 13 14:36:14 amelia-VirtualBox kernel: [    0.448240] pci 0000:00:0d.0: reg 0x1c: [io  0xd258-0xd25b]
Jan 13 14:36:14 amelia-VirtualBox kernel: [    0.451423] pci 0000:00:0d.0: reg 0x20: [io  0xd260-0xd26f]
Jan 13 14:36:14 amelia-VirtualBox kernel: [    0.454474] pci 0000:00:0d.0: reg 0x24: [mem 0xf1806000-0xf1807fff]
Jan 13 14:36:14 amelia-VirtualBox kernel: [    0.457546] pci_bus 0000:00: on NUMA node 0
Jan 13 14:36:14 amelia-VirtualBox kernel: [    0.458359] ACPI: PCI Interrupt Link [LNKA] (IRQs 5 9 10 *11)
Jan 13 14:36:14 amelia-VirtualBox kernel: [    0.458527] ACPI: PCI Interrupt Link [LNKB] (IRQs 5 9 *10 11)
Jan 13 14:36:14 amelia-VirtualBox kernel: [    0.458591] ACPI: PCI Interrupt Link [LNKC] (IRQs 5 *9 10 11)
Jan 13 14:36:14 amelia-VirtualBox kernel: [    0.458655] ACPI: PCI Interrupt Link [LNKD] (IRQs 5 9 10 *11)
Jan 13 14:36:14 amelia-VirtualBox kernel: [    0.458747] ACPI: Enabled 2 GPEs in block 00 to 07
Jan 13 14:36:14 amelia-VirtualBox kernel: [    0.458912] vgaarb: setting as boot device: PCI:0000:00:02.0
Jan 13 14:36:14 amelia-VirtualBox kernel: [    0.458914] vgaarb: device added: PCI:0000:00:02.0,decodes=io+mem,owns=io+mem,locks=none
Jan 13 14:36:14 amelia-VirtualBox kernel: [    0.458916] vgaarb: loaded
Jan 13 14:36:14 amelia-VirtualBox kernel: [    0.458917] vgaarb: bridge control possible 0000:00:02.0
Jan 13 14:36:14 amelia-VirtualBox kernel: [    0.459150] SCSI subsystem initialized
Jan 13 14:36:14 amelia-VirtualBox kernel: [    0.459194] libata version 3.00 loaded.
Jan 13 14:36:14 amelia-VirtualBox kernel: [    0.459219] ACPI: bus type USB registered
Jan 13 14:36:14 amelia-VirtualBox kernel: [    0.459237] usbcore: registered new interface driver usbfs
Jan 13 14:36:14 amelia-VirtualBox kernel: [    0.459244] usbcore: registered new interface driver hub
Jan 13 14:36:14 amelia-VirtualBox kernel: [    0.459254] usbcore: registered new device driver usb
Jan 13 14:36:14 amelia-VirtualBox kernel: [    0.459381] PCI: Using ACPI for IRQ routing
Jan 13 14:36:14 amelia-VirtualBox kernel: [    0.459382] PCI: pci_cache_line_size set to 64 bytes
Jan 13 14:36:14 amelia-VirtualBox kernel: [    0.459498] e820: reserve RAM buffer [mem 0x0009fc00-0x0009ffff]
Jan 13 14:36:14 amelia-VirtualBox kernel: [    0.459502] e820: reserve RAM buffer [mem 0xdfff0000-0xdfffffff]
Jan 13 14:36:14 amelia-VirtualBox kernel: [    0.459503] e820: reserve RAM buffer [mem 0x159400000-0x15bffffff]
Jan 13 14:36:14 amelia-VirtualBox kernel: [    0.459608] NetLabel: Initializing
Jan 13 14:36:14 amelia-VirtualBox kernel: [    0.459609] NetLabel:  domain hash size = 128
Jan 13 14:36:14 amelia-VirtualBox kernel: [    0.459609] NetLabel:  protocols = UNLABELED CIPSOv4
Jan 13 14:36:14 amelia-VirtualBox kernel: [    0.459617] NetLabel:  unlabeled traffic allowed by default
Jan 13 14:36:14 amelia-VirtualBox kernel: [    0.459714] clocksource: Switched to clocksource kvm-clock
Jan 13 14:36:14 amelia-VirtualBox kernel: [    0.465633] AppArmor: AppArmor Filesystem Enabled
Jan 13 14:36:14 amelia-VirtualBox kernel: [    0.465725] pnp: PnP ACPI init
Jan 13 14:36:14 amelia-VirtualBox kernel: [    0.465813] pnp 00:00: Plug and Play ACPI device, IDs PNP0303 (active)
Jan 13 14:36:14 amelia-VirtualBox kernel: [    0.465894] pnp 00:01: Plug and Play ACPI device, IDs PNP0f03 (active)
Jan 13 14:36:14 amelia-VirtualBox kernel: [    0.466375] pnp: PnP ACPI: found 2 devices
Jan 13 14:36:14 amelia-VirtualBox kernel: [    0.466380] PnPBIOS: Disabled by ACPI PNP
Jan 13 14:36:14 amelia-VirtualBox kernel: [    0.502220] clocksource: acpi_pm: mask: 0xffffff max_cycles: 0xffffff, max_idle_ns: 2085701024 ns
Jan 13 14:36:14 amelia-VirtualBox kernel: [    0.502240] pci_bus 0000:00: resource 4 [io  0x0000-0x0cf7 window]
Jan 13 14:36:14 amelia-VirtualBox kernel: [    0.502241] pci_bus 0000:00: resource 5 [io  0x0d00-0xffff window]
Jan 13 14:36:14 amelia-VirtualBox kernel: [    0.502242] pci_bus 0000:00: resource 6 [mem 0x000a0000-0x000bffff window]
Jan 13 14:36:14 amelia-VirtualBox kernel: [    0.502244] pci_bus 0000:00: resource 7 [mem 0xe0000000-0xfdffffff window]
Jan 13 14:36:14 amelia-VirtualBox kernel: [    0.502272] NET: Registered protocol family 2
Jan 13 14:36:14 amelia-VirtualBox kernel: [    0.502457] TCP established hash table entries: 8192 (order: 3, 32768 bytes)
Jan 13 14:36:14 amelia-VirtualBox kernel: [    0.502466] TCP bind hash table entries: 8192 (order: 4, 65536 bytes)
Jan 13 14:36:14 amelia-VirtualBox kernel: [    0.502477] TCP: Hash tables configured (established 8192 bind 8192)
Jan 13 14:36:14 amelia-VirtualBox kernel: [    0.502490] UDP hash table entries: 512 (order: 2, 16384 bytes)
Jan 13 14:36:14 amelia-VirtualBox kernel: [    0.502493] UDP-Lite hash table entries: 512 (order: 2, 16384 bytes)
Jan 13 14:36:14 amelia-VirtualBox kernel: [    0.502517] NET: Registered protocol family 1
Jan 13 14:36:14 amelia-VirtualBox kernel: [    0.502536] pci 0000:00:00.0: Limiting direct PCI/PCI transfers
Jan 13 14:36:14 amelia-VirtualBox kernel: [    0.502559] pci 0000:00:01.0: Activating ISA DMA hang workarounds
Jan 13 14:36:14 amelia-VirtualBox kernel: [    0.502580] pci 0000:00:02.0: Video device with shadowed ROM
Jan 13 14:36:14 amelia-VirtualBox kernel: [    0.503220] ACPI: PCI Interrupt Link [LNKB] enabled at IRQ 10
Jan 13 14:36:14 amelia-VirtualBox kernel: [    0.503222] PCI: setting IRQ 10 as level-triggered
Jan 13 14:36:14 amelia-VirtualBox kernel: [    0.503938] PCI: CLS 0 bytes, default 64
Jan 13 14:36:14 amelia-VirtualBox kernel: [    0.504003] Trying to unpack rootfs image as initramfs...
Jan 13 14:36:14 amelia-VirtualBox kernel: [    0.948850] Freeing initrd memory: 34320K (f3ce8000 - f5e6c000)
Jan 13 14:36:14 amelia-VirtualBox kernel: [    0.948970] RAPL PMU detected, API unit is 2^-32 Joules, 3 fixed counters 10737418240 ms ovfl timer
Jan 13 14:36:14 amelia-VirtualBox kernel: [    0.948971] hw unit of domain pp0-core 2^-0 Joules
Jan 13 14:36:14 amelia-VirtualBox kernel: [    0.948972] hw unit of domain package 2^-0 Joules
Jan 13 14:36:14 amelia-VirtualBox kernel: [    0.948973] hw unit of domain pp1-gpu 2^-0 Joules
Jan 13 14:36:14 amelia-VirtualBox kernel: [    0.949175] platform rtc_cmos: registered platform RTC device (no PNP device found)
Jan 13 14:36:14 amelia-VirtualBox kernel: [    0.949212] Scanning for low memory corruption every 60 seconds
Jan 13 14:36:14 amelia-VirtualBox kernel: [    0.949470] futex hash table entries: 256 (order: 2, 16384 bytes)
Jan 13 14:36:14 amelia-VirtualBox kernel: [    0.949487] audit: initializing netlink subsys (disabled)
Jan 13 14:36:14 amelia-VirtualBox kernel: [    0.949502] audit: type=2000 audit(1547409309.393:1): initialized
Jan 13 14:36:14 amelia-VirtualBox kernel: [    0.949731] Initialise system trusted keyring
Jan 13 14:36:14 amelia-VirtualBox kernel: [    0.949800] HugeTLB registered 2 MB page size, pre-allocated 0 pages
Jan 13 14:36:14 amelia-VirtualBox kernel: [    0.950952] zbud: loaded
Jan 13 14:36:14 amelia-VirtualBox kernel: [    0.951029] VFS: Disk quotas dquot_6.6.0
Jan 13 14:36:14 amelia-VirtualBox kernel: [    0.951056] VFS: Dquot-cache hash table entries: 1024 (order 0, 4096 bytes)
Jan 13 14:36:14 amelia-VirtualBox kernel: [    0.951235] squashfs: version 4.0 (2009/01/31) Phillip Lougher
Jan 13 14:36:14 amelia-VirtualBox kernel: [    0.951401] fuse init (API version 7.23)
Jan 13 14:36:14 amelia-VirtualBox kernel: [    0.951508] Key type big_key registered
Jan 13 14:36:14 amelia-VirtualBox kernel: [    0.951525] Allocating IMA MOK and blacklist keyrings.
Jan 13 14:36:14 amelia-VirtualBox kernel: [    0.951735] Key type asymmetric registered
Jan 13 14:36:14 amelia-VirtualBox kernel: [    0.951741] Asymmetric key parser 'x509' registered
Jan 13 14:36:14 amelia-VirtualBox kernel: [    0.951753] bounce: pool size: 64 pages
Jan 13 14:36:14 amelia-VirtualBox kernel: [    0.951776] Block layer SCSI generic (bsg) driver version 0.4 loaded (major 249)
Jan 13 14:36:14 amelia-VirtualBox kernel: [    0.951795] io scheduler noop registered
Jan 13 14:36:14 amelia-VirtualBox kernel: [    0.951796] io scheduler deadline registered (default)
Jan 13 14:36:14 amelia-VirtualBox kernel: [    0.951823] io scheduler cfq registered
Jan 13 14:36:14 amelia-VirtualBox kernel: [    0.951899] pci_hotplug: PCI Hot Plug PCI Core version: 0.5
Jan 13 14:36:14 amelia-VirtualBox kernel: [    0.951904] pciehp: PCI Express Hot Plug Controller Driver version: 0.4
Jan 13 14:36:14 amelia-VirtualBox kernel: [    0.952051] ACPI: AC Adapter [AC] (on-line)
Jan 13 14:36:14 amelia-VirtualBox kernel: [    0.952100] input: Power Button as /devices/LNXSYSTM:00/LNXPWRBN:00/input/input0
Jan 13 14:36:14 amelia-VirtualBox kernel: [    0.952103] ACPI: Power Button [PWRF]
Jan 13 14:36:14 amelia-VirtualBox kernel: [    0.952155] input: Sleep Button as /devices/LNXSYSTM:00/LNXSLPBN:00/input/input1
Jan 13 14:36:14 amelia-VirtualBox kernel: [    0.952156] ACPI: Sleep Button [SLPF]
Jan 13 14:36:14 amelia-VirtualBox kernel: [    0.952236] GHES: HEST is not enabled!
Jan 13 14:36:14 amelia-VirtualBox kernel: [    0.952302] isapnp: Scanning for PnP cards...
Jan 13 14:36:14 amelia-VirtualBox kernel: [    0.957834] Serial: 8250/16550 driver, 32 ports, IRQ sharing enabled
Jan 13 14:36:14 amelia-VirtualBox kernel: [    0.958931] Linux agpgart interface v0.103
Jan 13 14:36:14 amelia-VirtualBox kernel: [    1.004653] brd: module loaded
Jan 13 14:36:14 amelia-VirtualBox kernel: [    1.005384] loop: module loaded
Jan 13 14:36:14 amelia-VirtualBox kernel: [    1.005511] ata_piix 0000:00:01.1: version 2.13
Jan 13 14:36:14 amelia-VirtualBox kernel: [    1.049417] scsi host0: ata_piix
Jan 13 14:36:14 amelia-VirtualBox kernel: [    1.049511] scsi host1: ata_piix
Jan 13 14:36:14 amelia-VirtualBox kernel: [    1.049541] ata1: PATA max UDMA/33 cmd 0x1f0 ctl 0x3f6 bmdma 0xd000 irq 14
Jan 13 14:36:14 amelia-VirtualBox kernel: [    1.049543] ata2: PATA max UDMA/33 cmd 0x170 ctl 0x376 bmdma 0xd008 irq 15
Jan 13 14:36:14 amelia-VirtualBox kernel: [    1.049623] libphy: Fixed MDIO Bus: probed
Jan 13 14:36:14 amelia-VirtualBox kernel: [    1.049626] tun: Universal TUN/TAP device driver, 1.6
Jan 13 14:36:14 amelia-VirtualBox kernel: [    1.049627] tun: (C) 1999-2004 Max Krasnyansky <maxk@qualcomm.com>
Jan 13 14:36:14 amelia-VirtualBox kernel: [    1.049953] PPP generic driver version 2.4.2
Jan 13 14:36:14 amelia-VirtualBox kernel: [    1.050015] ehci_hcd: USB 2.0 'Enhanced' Host Controller (EHCI) Driver
Jan 13 14:36:14 amelia-VirtualBox kernel: [    1.050020] ehci-pci: EHCI PCI platform driver
Jan 13 14:36:14 amelia-VirtualBox kernel: [    1.050028] ehci-platform: EHCI generic platform driver
Jan 13 14:36:14 amelia-VirtualBox kernel: [    1.050034] ohci_hcd: USB 1.1 'Open' Host Controller (OHCI) Driver
Jan 13 14:36:14 amelia-VirtualBox kernel: [    1.050037] ohci-pci: OHCI PCI platform driver
Jan 13 14:36:14 amelia-VirtualBox kernel: [    1.050479] ohci-pci 0000:00:06.0: OHCI PCI host controller
Jan 13 14:36:14 amelia-VirtualBox kernel: [    1.050485] ohci-pci 0000:00:06.0: new USB bus registered, assigned bus number 1
Jan 13 14:36:14 amelia-VirtualBox kernel: [    1.050525] ohci-pci 0000:00:06.0: irq 10, io mem 0xf1804000
Jan 13 14:36:14 amelia-VirtualBox kernel: [    1.138719] usb usb1: New USB device found, idVendor=1d6b, idProduct=0001
Jan 13 14:36:14 amelia-VirtualBox kernel: [    1.138722] usb usb1: New USB device strings: Mfr=3, Product=2, SerialNumber=1
Jan 13 14:36:14 amelia-VirtualBox kernel: [    1.138723] usb usb1: Product: OHCI PCI host controller
Jan 13 14:36:14 amelia-VirtualBox kernel: [    1.138724] usb usb1: Manufacturer: Linux 4.4.0-31-generic ohci_hcd
Jan 13 14:36:14 amelia-VirtualBox kernel: [    1.138725] usb usb1: SerialNumber: 0000:00:06.0
Jan 13 14:36:14 amelia-VirtualBox kernel: [    1.138839] hub 1-0:1.0: USB hub found
Jan 13 14:36:14 amelia-VirtualBox kernel: [    1.138852] hub 1-0:1.0: 12 ports detected
Jan 13 14:36:14 amelia-VirtualBox kernel: [    1.139179] ohci-platform: OHCI generic platform driver
Jan 13 14:36:14 amelia-VirtualBox kernel: [    1.139190] uhci_hcd: USB Universal Host Controller Interface driver
Jan 13 14:36:14 amelia-VirtualBox kernel: [    1.139239] i8042: PNP: PS/2 Controller [PNP0303:PS2K,PNP0f03:PS2M] at 0x60,0x64 irq 1,12
Jan 13 14:36:14 amelia-VirtualBox kernel: [    1.139569] serio: i8042 KBD port at 0x60,0x64 irq 1
Jan 13 14:36:14 amelia-VirtualBox kernel: [    1.139573] serio: i8042 AUX port at 0x60,0x64 irq 12
Jan 13 14:36:14 amelia-VirtualBox kernel: [    1.139664] mousedev: PS/2 mouse device common for all mice
Jan 13 14:36:14 amelia-VirtualBox kernel: [    1.139943] input: AT Translated Set 2 keyboard as /devices/platform/i8042/serio0/input/input2
Jan 13 14:36:14 amelia-VirtualBox kernel: [    1.140252] rtc_cmos rtc_cmos: rtc core: registered rtc_cmos as rtc0
Jan 13 14:36:14 amelia-VirtualBox kernel: [    1.140273] rtc_cmos rtc_cmos: alarms up to one day, 114 bytes nvram
Jan 13 14:36:14 amelia-VirtualBox kernel: [    1.140279] i2c /dev entries driver
Jan 13 14:36:14 amelia-VirtualBox kernel: [    1.140318] device-mapper: uevent: version 1.0.3
Jan 13 14:36:14 amelia-VirtualBox kernel: [    1.140365] device-mapper: ioctl: 4.34.0-ioctl (2015-10-28) initialised: dm-devel@redhat.com
Jan 13 14:36:14 amelia-VirtualBox kernel: [    1.140382] platform eisa.0: Probing EISA bus 0
Jan 13 14:36:14 amelia-VirtualBox kernel: [    1.140384] platform eisa.0: EISA: Cannot allocate resource for mainboard
Jan 13 14:36:14 amelia-VirtualBox kernel: [    1.140385] platform eisa.0: Cannot allocate resource for EISA slot 1
Jan 13 14:36:14 amelia-VirtualBox kernel: [    1.140386] platform eisa.0: Cannot allocate resource for EISA slot 2
Jan 13 14:36:14 amelia-VirtualBox kernel: [    1.140387] platform eisa.0: Cannot allocate resource for EISA slot 3
Jan 13 14:36:14 amelia-VirtualBox kernel: [    1.140395] platform eisa.0: Cannot allocate resource for EISA slot 4
Jan 13 14:36:14 amelia-VirtualBox kernel: [    1.140396] platform eisa.0: Cannot allocate resource for EISA slot 5
Jan 13 14:36:14 amelia-VirtualBox kernel: [    1.140397] platform eisa.0: Cannot allocate resource for EISA slot 6
Jan 13 14:36:14 amelia-VirtualBox kernel: [    1.140399] platform eisa.0: Cannot allocate resource for EISA slot 7
Jan 13 14:36:14 amelia-VirtualBox kernel: [    1.140400] platform eisa.0: Cannot allocate resource for EISA slot 8
Jan 13 14:36:14 amelia-VirtualBox kernel: [    1.140401] platform eisa.0: EISA: Detected 0 cards
Jan 13 14:36:14 amelia-VirtualBox kernel: [    1.140412] cpufreq-nforce2: No nForce2 chipset.
Jan 13 14:36:14 amelia-VirtualBox kernel: [    1.140418] ledtrig-cpu: registered to indicate activity on CPUs
Jan 13 14:36:14 amelia-VirtualBox kernel: [    1.140604] NET: Registered protocol family 10
Jan 13 14:36:14 amelia-VirtualBox kernel: [    1.140764] NET: Registered protocol family 17
Jan 13 14:36:14 amelia-VirtualBox kernel: [    1.140774] Key type dns_resolver registered
Jan 13 14:36:14 amelia-VirtualBox kernel: [    1.140899] microcode: CPU0 sig=0x206a7, pf=0x10, revision=0x0
Jan 13 14:36:14 amelia-VirtualBox kernel: [    1.140921] microcode: Microcode Update Driver: v2.01 <tigran@aivazian.fsnet.co.uk>, Peter Oruba
Jan 13 14:36:14 amelia-VirtualBox kernel: [    1.140931] Using IPI No-Shortcut mode
Jan 13 14:36:14 amelia-VirtualBox kernel: [    1.141029] registered taskstats version 1
Jan 13 14:36:14 amelia-VirtualBox kernel: [    1.141044] Loading compiled-in X.509 certificates
Jan 13 14:36:14 amelia-VirtualBox kernel: [    1.143120] Loaded X.509 cert 'Build time autogenerated kernel key: cb6840fabcbd1bdef376e0ee9ee79560852e9a80'
Jan 13 14:36:14 amelia-VirtualBox kernel: [    1.143135] zswap: loaded using pool lzo/zbud
Jan 13 14:36:14 amelia-VirtualBox kernel: [    1.144675] Key type trusted registered
Jan 13 14:36:14 amelia-VirtualBox kernel: [    1.147338] Key type encrypted registered
Jan 13 14:36:14 amelia-VirtualBox kernel: [    1.147345] AppArmor: AppArmor sha1 policy hashing enabled
Jan 13 14:36:14 amelia-VirtualBox kernel: [    1.147357] ima: No TPM chip found, activating TPM-bypass!
Jan 13 14:36:14 amelia-VirtualBox kernel: [    1.147374] evm: HMAC attrs: 0x1
Jan 13 14:36:14 amelia-VirtualBox kernel: [    1.147595]   Magic number: 3:542:647
Jan 13 14:36:14 amelia-VirtualBox kernel: [    1.147603] scsi_host host1: hash matches
Jan 13 14:36:14 amelia-VirtualBox kernel: [    1.147604] scsi host1: hash matches
Jan 13 14:36:14 amelia-VirtualBox kernel: [    1.147673] rtc_cmos rtc_cmos: setting system clock to 2019-01-13 19:36:02 UTC (1547408162)
Jan 13 14:36:14 amelia-VirtualBox kernel: [    1.147729] BIOS EDD facility v0.16 2004-Jun-25, 0 devices found
Jan 13 14:36:14 amelia-VirtualBox kernel: [    1.147730] EDD information not available.
Jan 13 14:36:14 amelia-VirtualBox kernel: [    1.147771] PM: Hibernation image not present or could not be loaded.
Jan 13 14:36:14 amelia-VirtualBox kernel: [    1.236936] ata2.00: ATAPI: VBOX CD-ROM, 1.0, max UDMA/133
Jan 13 14:36:14 amelia-VirtualBox kernel: [    1.237388] ata2.00: configured for UDMA/33
Jan 13 14:36:14 amelia-VirtualBox kernel: [    1.325539] isapnp: No Plug & Play device found
Jan 13 14:36:14 amelia-VirtualBox kernel: [    1.325826] scsi 1:0:0:0: CD-ROM            VBOX     CD-ROM           1.0  PQ: 0 ANSI: 5
Jan 13 14:36:14 amelia-VirtualBox kernel: [    1.332149] sr 1:0:0:0: [sr0] scsi3-mmc drive: 32x/32x xa/form2 tray
Jan 13 14:36:14 amelia-VirtualBox kernel: [    1.332151] cdrom: Uniform CD-ROM driver Revision: 3.20
Jan 13 14:36:14 amelia-VirtualBox kernel: [    1.332246] sr 1:0:0:0: Attached scsi CD-ROM sr0
Jan 13 14:36:14 amelia-VirtualBox kernel: [    1.332284] sr 1:0:0:0: Attached scsi generic sg0 type 5
Jan 13 14:36:14 amelia-VirtualBox kernel: [    1.332516] Freeing unused kernel memory: 948K (c1b86000 - c1c73000)
Jan 13 14:36:14 amelia-VirtualBox kernel: [    1.332561] Write protecting the kernel text: 7892k
Jan 13 14:36:14 amelia-VirtualBox kernel: [    1.332581] Write protecting the kernel read-only data: 3136k
Jan 13 14:36:14 amelia-VirtualBox kernel: [    1.332582] NX-protecting the kernel data: 6444k
Jan 13 14:36:14 amelia-VirtualBox kernel: [    1.342723] random: udevadm urandom read with 0 bits of entropy available
Jan 13 14:36:14 amelia-VirtualBox kernel: [    1.414306] [drm] Initialized drm 1.1.0 20060810
Jan 13 14:36:14 amelia-VirtualBox kernel: [    1.443675] ACPI: Video Device [GFX0] (multi-head: yes  rom: no  post: no)
Jan 13 14:36:14 amelia-VirtualBox kernel: [    1.443737] input: Video Bus as /devices/LNXSYSTM:00/LNXSYBUS:00/PNP0A03:00/LNXVIDEO:00/input/input4
Jan 13 14:36:14 amelia-VirtualBox kernel: [    1.461848] FUJITSU Extended Socket Network Device Driver - version 1.0 - Copyright (c) 2015 FUJITSU LIMITED
Jan 13 14:36:14 amelia-VirtualBox kernel: [    1.511792] e1000: Intel(R) PRO/1000 Network Driver - version 7.3.21-k8-NAPI
Jan 13 14:36:14 amelia-VirtualBox kernel: [    1.511794] e1000: Copyright (c) 1999-2006 Intel Corporation.
Jan 13 14:36:14 amelia-VirtualBox kernel: [    1.513204] [drm] DMA map mode: Using physical TTM page addresses.
Jan 13 14:36:14 amelia-VirtualBox kernel: [    1.513236] [drm] Capabilities:
Jan 13 14:36:14 amelia-VirtualBox kernel: [    1.513236] [drm]   Cursor.
Jan 13 14:36:14 amelia-VirtualBox kernel: [    1.513237] [drm]   Cursor bypass 2.
Jan 13 14:36:14 amelia-VirtualBox kernel: [    1.513238] [drm]   Alpha cursor.
Jan 13 14:36:14 amelia-VirtualBox kernel: [    1.513238] [drm]   3D.
Jan 13 14:36:14 amelia-VirtualBox kernel: [    1.513239] [drm]   Extended Fifo.
Jan 13 14:36:14 amelia-VirtualBox kernel: [    1.513239] [drm]   Pitchlock.
Jan 13 14:36:14 amelia-VirtualBox kernel: [    1.513240] [drm]   Irq mask.
Jan 13 14:36:14 amelia-VirtualBox kernel: [    1.513240] [drm]   GMR.
Jan 13 14:36:14 amelia-VirtualBox kernel: [    1.513241] [drm]   Traces.
Jan 13 14:36:14 amelia-VirtualBox kernel: [    1.513241] [drm]   GMR2.
Jan 13 14:36:14 amelia-VirtualBox kernel: [    1.513242] [drm]   Screen Object 2.
Jan 13 14:36:14 amelia-VirtualBox kernel: [    1.513243] [drm] Max GMR ids is 8192
Jan 13 14:36:14 amelia-VirtualBox kernel: [    1.513243] [drm] Max number of GMR pages is 1048576
Jan 13 14:36:14 amelia-VirtualBox kernel: [    1.513244] [drm] Max dedicated hypervisor surface memory is 507904 kiB
Jan 13 14:36:14 amelia-VirtualBox kernel: [    1.513244] [drm] Maximum display memory size is 16384 kiB
Jan 13 14:36:14 amelia-VirtualBox kernel: [    1.513245] [drm] VRAM at 0xf0000000 size is 16384 kiB
Jan 13 14:36:14 amelia-VirtualBox kernel: [    1.513246] [drm] MMIO at 0xf1000000 size is 2048 kiB
Jan 13 14:36:14 amelia-VirtualBox kernel: [    1.513739] [drm] global init.
Jan 13 14:36:14 amelia-VirtualBox kernel: [    1.524518] [TTM] Zone  kernel: Available graphics memory: 424008 kiB
Jan 13 14:36:14 amelia-VirtualBox kernel: [    1.524520] [TTM] Zone highmem: Available graphics memory: 2533420 kiB
Jan 13 14:36:14 amelia-VirtualBox kernel: [    1.524521] [TTM] Initializing pool allocator
Jan 13 14:36:14 amelia-VirtualBox kernel: [    1.524526] [TTM] Initializing DMA pool allocator
Jan 13 14:36:14 amelia-VirtualBox kernel: [    1.524574] [drm] Supports vblank timestamp caching Rev 2 (21.10.2013).
Jan 13 14:36:14 amelia-VirtualBox kernel: [    1.524575] [drm] No driver support for vblank timestamp query.
Jan 13 14:36:14 amelia-VirtualBox kernel: [    1.524799] [drm] Screen Objects Display Unit initialized
Jan 13 14:36:14 amelia-VirtualBox kernel: [    1.524841] [drm] width 720
Jan 13 14:36:14 amelia-VirtualBox kernel: [    1.524859] [drm] height 400
Jan 13 14:36:14 amelia-VirtualBox kernel: [    1.524866] [drm] bpp 32
Jan 13 14:36:14 amelia-VirtualBox kernel: [    1.525069] [drm] Fifo max 0x00200000 min 0x00001000 cap 0x00000311
Jan 13 14:36:14 amelia-VirtualBox kernel: [    1.525081] [drm] DX: no.
Jan 13 14:36:14 amelia-VirtualBox kernel: [    1.538293] fbcon: svgadrmfb (fb0) is primary device
Jan 13 14:36:14 amelia-VirtualBox kernel: [    1.560138] Console: switching to colour frame buffer device 100x37
Jan 13 14:36:14 amelia-VirtualBox kernel: [    1.561250] [drm] Initialized vmwgfx 2.9.0 20150810 for 0000:00:02.0 on minor 0
Jan 13 14:36:14 amelia-VirtualBox kernel: [    1.561752] usb 1-1: new full-speed USB device number 2 using ohci-pci
Jan 13 14:36:14 amelia-VirtualBox kernel: [    1.571014] ACPI: PCI Interrupt Link [LNKC] enabled at IRQ 9
Jan 13 14:36:14 amelia-VirtualBox kernel: [    1.571017] PCI: setting IRQ 9 as level-triggered
Jan 13 14:36:14 amelia-VirtualBox kernel: [    1.826118] input: ImExPS/2 Generic Explorer Mouse as /devices/platform/i8042/serio1/input/input5
Jan 13 14:36:14 amelia-VirtualBox kernel: [    1.847106] usb 1-1: New USB device found, idVendor=80ee, idProduct=0021
Jan 13 14:36:14 amelia-VirtualBox kernel: [    1.847109] usb 1-1: New USB device strings: Mfr=1, Product=3, SerialNumber=0
Jan 13 14:36:14 amelia-VirtualBox kernel: [    1.847110] usb 1-1: Product: USB Tablet
Jan 13 14:36:14 amelia-VirtualBox kernel: [    1.847111] usb 1-1: Manufacturer: VirtualBox
Jan 13 14:36:14 amelia-VirtualBox kernel: [    1.948121] tsc: Refined TSC clocksource calibration: 3385.576 MHz
Jan 13 14:36:14 amelia-VirtualBox kernel: [    1.948124] clocksource: tsc: mask: 0xffffffffffffffff max_cycles: 0x30cd153856f, max_idle_ns: 440795342589 ns
Jan 13 14:36:14 amelia-VirtualBox kernel: [    1.954057] hidraw: raw HID events driver (C) Jiri Kosina
Jan 13 14:36:14 amelia-VirtualBox kernel: [    1.990998] usbcore: registered new interface driver usbhid
Jan 13 14:36:14 amelia-VirtualBox kernel: [    1.991000] usbhid: USB HID core driver
Jan 13 14:36:14 amelia-VirtualBox kernel: [    2.005624] input: VirtualBox USB Tablet as /devices/pci0000:00/0000:00:06.0/usb1/1-1/1-1:1.0/0003:80EE:0021.0001/input/input6
Jan 13 14:36:14 amelia-VirtualBox kernel: [    2.005905] hid-generic 0003:80EE:0021.0001: input,hidraw0: USB HID v1.10 Mouse [VirtualBox USB Tablet] on usb-0000:00:06.0-1/input0
Jan 13 14:36:14 amelia-VirtualBox kernel: [    2.183929] e1000 0000:00:03.0 eth0: (PCI:33MHz:32-bit) 08:00:27:2e:2f:fd
Jan 13 14:36:14 amelia-VirtualBox kernel: [    2.183935] e1000 0000:00:03.0 eth0: Intel(R) PRO/1000 Network Connection
Jan 13 14:36:14 amelia-VirtualBox kernel: [    2.183959] ahci 0000:00:0d.0: version 3.0
Jan 13 14:36:14 amelia-VirtualBox kernel: [    2.184748] ACPI: PCI Interrupt Link [LNKA] enabled at IRQ 11
Jan 13 14:36:14 amelia-VirtualBox kernel: [    2.184750] PCI: setting IRQ 11 as level-triggered
Jan 13 14:36:14 amelia-VirtualBox kernel: [    2.184809] ahci 0000:00:0d.0: SSS flag set, parallel bus scan disabled
Jan 13 14:36:14 amelia-VirtualBox kernel: [    2.184906] ahci 0000:00:0d.0: AHCI 0001.0100 32 slots 1 ports 3 Gbps 0x1 impl SATA mode
Jan 13 14:36:14 amelia-VirtualBox kernel: [    2.184908] ahci 0000:00:0d.0: flags: 64bit ncq stag only ccc 
Jan 13 14:36:14 amelia-VirtualBox kernel: [    2.186903] e1000 0000:00:03.0 enp0s3: renamed from eth0
Jan 13 14:36:14 amelia-VirtualBox kernel: [    2.189280] scsi host2: ahci
Jan 13 14:36:14 amelia-VirtualBox kernel: [    2.189336] ata3: SATA max UDMA/133 abar m8192@0xf1806000 port 0xf1806100 irq 11
Jan 13 14:36:14 amelia-VirtualBox kernel: [    2.507937] ata3: SATA link up 3.0 Gbps (SStatus 123 SControl 300)
Jan 13 14:36:14 amelia-VirtualBox kernel: [    2.508164] ata3.00: ATA-6: VBOX HARDDISK, 1.0, max UDMA/133
Jan 13 14:36:14 amelia-VirtualBox kernel: [    2.508168] ata3.00: 104857600 sectors, multi 128: LBA48 NCQ (depth 31/32)
Jan 13 14:36:14 amelia-VirtualBox kernel: [    2.508546] ata3.00: configured for UDMA/133
Jan 13 14:36:14 amelia-VirtualBox kernel: [    2.508669] scsi 2:0:0:0: Direct-Access     ATA      VBOX HARDDISK    1.0  PQ: 0 ANSI: 5
Jan 13 14:36:14 amelia-VirtualBox kernel: [    2.508911] sd 2:0:0:0: [sda] 104857600 512-byte logical blocks: (53.7 GB/50.0 GiB)
Jan 13 14:36:14 amelia-VirtualBox kernel: [    2.508948] sd 2:0:0:0: [sda] Write Protect is off
Jan 13 14:36:14 amelia-VirtualBox kernel: [    2.508951] sd 2:0:0:0: [sda] Mode Sense: 00 3a 00 00
Jan 13 14:36:14 amelia-VirtualBox kernel: [    2.508967] sd 2:0:0:0: [sda] Write cache: enabled, read cache: enabled, doesn't support DPO or FUA
Jan 13 14:36:14 amelia-VirtualBox kernel: [    2.509168] sd 2:0:0:0: Attached scsi generic sg1 type 0
Jan 13 14:36:14 amelia-VirtualBox kernel: [    2.537558]  sda: sda1 sda2 < sda5 >
Jan 13 14:36:14 amelia-VirtualBox kernel: [    2.537959] sd 2:0:0:0: [sda] Attached SCSI disk
Jan 13 14:36:14 amelia-VirtualBox kernel: [    4.567851] floppy0: no floppy controllers found
Jan 13 14:36:14 amelia-VirtualBox kernel: [    4.567873] work still pending
Jan 13 14:36:14 amelia-VirtualBox kernel: [    4.653593] EXT4-fs (sda1): mounted filesystem with ordered data mode. Opts: (null)
Jan 13 14:36:14 amelia-VirtualBox kernel: [    6.285870] lp: driver loaded but no devices found
Jan 13 14:36:14 amelia-VirtualBox kernel: [    6.303806] ppdev: user-space parallel port driver
Jan 13 14:36:14 amelia-VirtualBox kernel: [    6.475525] random: nonblocking pool is initialized
Jan 13 14:36:14 amelia-VirtualBox kernel: [    6.770954] EXT4-fs (sda1): re-mounted. Opts: errors=remount-ro
Jan 13 14:36:14 amelia-VirtualBox kernel: [    7.669873] ACPI: PCI Interrupt Link [LNKD] enabled at IRQ 11
Jan 13 14:36:14 amelia-VirtualBox kernel: [    7.725849] piix4_smbus 0000:00:07.0: SMBus Host Controller at 0x4100, revision 0
Jan 13 14:36:14 amelia-VirtualBox kernel: [    7.913756] vgdrvHeartbeatInit: Setting up heartbeat to trigger every 2000 milliseconds
Jan 13 14:36:14 amelia-VirtualBox kernel: [    8.042962] input: Unspecified device as /devices/pci0000:00/0000:00:04.0/input/input7
Jan 13 14:36:14 amelia-VirtualBox kernel: [    8.044285] vboxguest: misc device minor 55, IRQ 11, I/O port d040, MMIO at 00000000f1400000 (size 0x400000)
Jan 13 14:36:14 amelia-VirtualBox kernel: [    8.044339] vboxguest: Successfully loaded version 5.0.18_Ubuntu (interface 0x00010004)
Jan 13 14:36:14 amelia-VirtualBox kernel: [    8.140863] audit: type=1400 audit(1547408169.492:2): apparmor="STATUS" operation="profile_load" profile="unconfined" name="/usr/lib/lightdm/lightdm-guest-session" pid=1253 comm="apparmor_parser"
Jan 13 14:36:14 amelia-VirtualBox kernel: [    8.140873] audit: type=1400 audit(1547408169.492:3): apparmor="STATUS" operation="profile_load" profile="unconfined" name="/usr/lib/lightdm/lightdm-guest-session//chromium" pid=1253 comm="apparmor_parser"
Jan 13 14:36:14 amelia-VirtualBox kernel: [    8.149791] snd_intel8x0 0000:00:05.0: disable (unknown or VT-d) VM optimization
Jan 13 14:36:14 amelia-VirtualBox kernel: [    8.177673] audit: type=1400 audit(1547408169.524:4): apparmor="STATUS" operation="profile_load" profile="unconfined" name="/sbin/dhclient" pid=1350 comm="apparmor_parser"
Jan 13 14:36:14 amelia-VirtualBox kernel: [    8.177679] audit: type=1400 audit(1547408169.524:5): apparmor="STATUS" operation="profile_load" profile="unconfined" name="/usr/lib/NetworkManager/nm-dhcp-client.action" pid=1350 comm="apparmor_parser"
Jan 13 14:36:14 amelia-VirtualBox kernel: [    8.177683] audit: type=1400 audit(1547408169.524:6): apparmor="STATUS" operation="profile_load" profile="unconfined" name="/usr/lib/NetworkManager/nm-dhcp-helper" pid=1350 comm="apparmor_parser"
Jan 13 14:36:14 amelia-VirtualBox kernel: [    8.177686] audit: type=1400 audit(1547408169.524:7): apparmor="STATUS" operation="profile_load" profile="unconfined" name="/usr/lib/connman/scripts/dhclient-script" pid=1350 comm="apparmor_parser"
Jan 13 14:36:14 amelia-VirtualBox kernel: [    8.292265] audit: type=1400 audit(1547408169.636:8): apparmor="STATUS" operation="profile_load" profile="unconfined" name="/usr/bin/evince" pid=1370 comm="apparmor_parser"
Jan 13 14:36:14 amelia-VirtualBox kernel: [    8.292272] audit: type=1400 audit(1547408169.636:9): apparmor="STATUS" operation="profile_load" profile="unconfined" name="/usr/bin/evince//sanitized_helper" pid=1370 comm="apparmor_parser"
Jan 13 14:36:14 amelia-VirtualBox kernel: [    8.292275] audit: type=1400 audit(1547408169.636:10): apparmor="STATUS" operation="profile_load" profile="unconfined" name="/usr/bin/evince-previewer" pid=1370 comm="apparmor_parser"
Jan 13 14:36:14 amelia-VirtualBox kernel: [    8.292278] audit: type=1400 audit(1547408169.636:11): apparmor="STATUS" operation="profile_load" profile="unconfined" name="/usr/bin/evince-previewer//sanitized_helper" pid=1370 comm="apparmor_parser"
Jan 13 14:36:14 amelia-VirtualBox kernel: [    9.232511] intel_rapl: no valid rapl domains found in package 0
Jan 13 14:36:14 amelia-VirtualBox kernel: [   10.412278] Adding 5130236k swap on /dev/sda5.  Priority:-1 extents:1 across:5130236k FS
Jan 13 14:36:14 amelia-VirtualBox kernel: [   10.942595] floppy0: no floppy controllers found
Jan 13 14:36:14 amelia-VirtualBox kernel: [   11.013656] snd_intel8x0 0000:00:05.0: white list rate for 1028:0177 is 48000
Jan 13 14:36:14 amelia-VirtualBox systemd-modules-load[604]: Inserted module 'lp'
Jan 13 14:36:14 amelia-VirtualBox systemd-modules-load[604]: Inserted module 'ppdev'
Jan 13 14:36:14 amelia-VirtualBox systemd-modules-load[604]: Inserted module 'parport_pc'
Jan 13 14:36:14 amelia-VirtualBox systemd[1]: Started Load Kernel Modules.
Jan 13 14:36:14 amelia-VirtualBox systemd[1]: Starting Apply Kernel Variables...
Jan 13 14:36:14 amelia-VirtualBox systemd[1]: Mounting FUSE Control File System...
Jan 13 14:36:14 amelia-VirtualBox systemd[1]: Mounted FUSE Control File System.
Jan 13 14:36:14 amelia-VirtualBox systemd[1]: Started Create Static Device Nodes in /dev.
Jan 13 14:36:14 amelia-VirtualBox systemd[1]: Started Apply Kernel Variables.
Jan 13 14:36:14 amelia-VirtualBox systemd[1]: Starting udev Kernel Device Manager...
Jan 13 14:36:14 amelia-VirtualBox loadkeys[585]: Loading /etc/console-setup/cached.kmap.gz
Jan 13 14:36:14 amelia-VirtualBox systemd[1]: Started Set console keymap.
Jan 13 14:36:14 amelia-VirtualBox systemd[1]: Started udev Kernel Device Manager.
Jan 13 14:36:14 amelia-VirtualBox systemd[1]: Starting Remount Root and Kernel File Systems...
Jan 13 14:36:14 amelia-VirtualBox systemd[1]: Started Remount Root and Kernel File Systems.
Jan 13 14:36:14 amelia-VirtualBox systemd[1]: Reached target Local File Systems (Pre).
Jan 13 14:36:14 amelia-VirtualBox systemd[1]: Reached target Local File Systems.
Jan 13 14:36:14 amelia-VirtualBox systemd[1]: Starting Clean up any mess left by 0dns-up...
Jan 13 14:36:14 amelia-VirtualBox systemd[1]: Starting Commit a transient machine-id on disk...
Jan 13 14:36:14 amelia-VirtualBox systemd[1]: Starting Tell Plymouth To Write Out Runtime Data...
Jan 13 14:36:14 amelia-VirtualBox systemd[1]: Starting Set console font and keymap...
Jan 13 14:36:14 amelia-VirtualBox systemd[1]: Starting LSB: AppArmor initialization...
Jan 13 14:36:14 amelia-VirtualBox systemd[1]: Starting Load/Save Random Seed...
Jan 13 14:36:14 amelia-VirtualBox systemd[1]: Starting udev Coldplug all Devices...
Jan 13 14:36:14 amelia-VirtualBox systemd[1]: Starting Flush Journal to Persistent Storage...
Jan 13 14:36:14 amelia-VirtualBox systemd[1]: Started Commit a transient machine-id on disk.
Jan 13 14:36:14 amelia-VirtualBox systemd[1]: Started Tell Plymouth To Write Out Runtime Data.
Jan 13 14:36:14 amelia-VirtualBox systemd[1]: Started Load/Save Random Seed.
Jan 13 14:36:14 amelia-VirtualBox systemd[1]: Started Flush Journal to Persistent Storage.
Jan 13 14:36:14 amelia-VirtualBox systemd[1]: Started Clean up any mess left by 0dns-up.
Jan 13 14:36:14 amelia-VirtualBox systemd[1]: Started udev Coldplug all Devices.
Jan 13 14:36:14 amelia-VirtualBox systemd[1]: Starting Show Plymouth Boot Screen...
Jan 13 14:36:14 amelia-VirtualBox systemd[1]: Starting Nameserver information manager...
Jan 13 14:36:14 amelia-VirtualBox systemd[1]: Starting Create Volatile Files and Directories...
Jan 13 14:36:14 amelia-VirtualBox systemd-tmpfiles[752]: [/usr/lib/tmpfiles.d/var.conf:14] Duplicate line for path "/var/log", ignoring.
Jan 13 14:36:14 amelia-VirtualBox systemd[1]: Started Nameserver information manager.
Jan 13 14:36:14 amelia-VirtualBox systemd[1]: Started Create Volatile Files and Directories.
Jan 13 14:36:14 amelia-VirtualBox apparmor[661]:  * Starting AppArmor profiles
Jan 13 14:36:14 amelia-VirtualBox systemd[1]: Starting Network Time Synchronization...
Jan 13 14:36:14 amelia-VirtualBox systemd[1]: Starting Update UTMP about System Boot/Shutdown...
Jan 13 14:36:14 amelia-VirtualBox systemd[1]: Started Show Plymouth Boot Screen.
Jan 13 14:36:14 amelia-VirtualBox systemd[1]: Started Forward Password Requests to Plymouth Directory Watch.
Jan 13 14:36:14 amelia-VirtualBox systemd[1]: Started Update UTMP about System Boot/Shutdown.
Jan 13 14:36:14 amelia-VirtualBox systemd[1]: Started Network Time Synchronization.
Jan 13 14:36:14 amelia-VirtualBox systemd[1]: Reached target System Time Synchronized.
Jan 13 14:36:14 amelia-VirtualBox systemd[1]: Started Set console font and keymap.
Jan 13 14:36:14 amelia-VirtualBox systemd[1]: Created slice system-getty.slice.
Jan 13 14:36:14 amelia-VirtualBox mtp-probe: checking bus 1, device 2: "/sys/devices/pci0000:00/0000:00:06.0/usb1/1-1"
Jan 13 14:36:14 amelia-VirtualBox mtp-probe: bus: 1, device: 2 was not an MTP device
Jan 13 14:36:14 amelia-VirtualBox systemd-udevd[694]: Process '/lib/udev/hdparm' failed with exit code 5.
Jan 13 14:36:14 amelia-VirtualBox apparmor[661]: Skipping profile in /etc/apparmor.d/disable: usr.bin.firefox
Jan 13 14:36:14 amelia-VirtualBox systemd[1]: Listening on Load/Save RF Kill Switch Status /dev/rfkill Watch.
Jan 13 14:36:14 amelia-VirtualBox systemd[1]: Found device VBOX_HARDDISK 5.
Jan 13 14:36:14 amelia-VirtualBox systemd[1]: Activating swap /dev/disk/by-uuid/02c450ad-7bbb-4fa2-938c-fdb78122a5af...
Jan 13 14:36:14 amelia-VirtualBox apparmor[661]: Skipping profile in /etc/apparmor.d/disable: usr.sbin.rsyslogd
Jan 13 14:36:14 amelia-VirtualBox systemd[1]: Activated swap /dev/disk/by-uuid/02c450ad-7bbb-4fa2-938c-fdb78122a5af.
Jan 13 14:36:14 amelia-VirtualBox systemd[1]: Reached target Swap.
Jan 13 14:36:14 amelia-VirtualBox apparmor[661]:    ...done.
Jan 13 14:36:14 amelia-VirtualBox systemd[1]: Started LSB: AppArmor initialization.
Jan 13 14:36:14 amelia-VirtualBox systemd[1]: Reached target System Initialization.
Jan 13 14:36:14 amelia-VirtualBox systemd[1]: Listening on Avahi mDNS/DNS-SD Stack Activation Socket.
Jan 13 14:36:14 amelia-VirtualBox systemd[1]: Starting Socket activation for snappy daemon.
Jan 13 14:36:14 amelia-VirtualBox systemd[1]: Listening on UUID daemon activation socket.
Jan 13 14:36:14 amelia-VirtualBox systemd[1]: Listening on CUPS Scheduler.
Jan 13 14:36:14 amelia-VirtualBox systemd[1]: Started CUPS Scheduler.
Jan 13 14:36:14 amelia-VirtualBox systemd[1]: Started Trigger resolvconf update for networkd DNS.
Jan 13 14:36:14 amelia-VirtualBox systemd[1]: snapd.refresh.timer: Adding 4h 8min 2.746417s random time.
Jan 13 14:36:14 amelia-VirtualBox systemd[1]: Started Timer to automatically refresh installed snaps.
Jan 13 14:36:14 amelia-VirtualBox systemd[1]: Listening on D-Bus System Message Bus Socket.
Jan 13 14:36:14 amelia-VirtualBox systemd[1]: Listening on ACPID Listen Socket.
Jan 13 14:36:14 amelia-VirtualBox systemd[1]: apt-daily.timer: Adding 6h 34min 22.611547s random time.
Jan 13 14:36:14 amelia-VirtualBox systemd[1]: Started Daily apt activities.
Jan 13 14:36:14 amelia-VirtualBox systemd[1]: Started ACPI Events Check.
Jan 13 14:36:14 amelia-VirtualBox systemd[1]: Reached target Paths.
Jan 13 14:36:14 amelia-VirtualBox systemd[1]: Started Daily Cleanup of Temporary Directories.
Jan 13 14:36:14 amelia-VirtualBox systemd[1]: Reached target Timers.
Jan 13 14:36:14 amelia-VirtualBox systemd[1]: Starting Raise network interfaces...
Jan 13 14:36:14 amelia-VirtualBox systemd[1]: Listening on Socket activation for snappy daemon.
Jan 13 14:36:14 amelia-VirtualBox systemd[1]: Reached target Sockets.
Jan 13 14:36:14 amelia-VirtualBox systemd[1]: Reached target Basic System.
Jan 13 14:36:14 amelia-VirtualBox systemd[1]: Started Run anacron jobs.
Jan 13 14:36:14 amelia-VirtualBox systemd[1]: Starting LSB: automatic crash report generation...
Jan 13 14:36:14 amelia-VirtualBox systemd[1]: Starting Restore /etc/resolv.conf if the system crashed before the ppp link was shut down...
Jan 13 14:36:14 amelia-VirtualBox systemd[1]: Starting LSB: Speech Dispatcher...
Jan 13 14:36:14 amelia-VirtualBox systemd[1]: Started Regular background program processing daemon.
Jan 13 14:36:14 amelia-VirtualBox systemd[1]: Starting Avahi mDNS/DNS-SD Stack...
Jan 13 14:36:14 amelia-VirtualBox systemd[1]: Starting Thermal Daemon Service...
Jan 13 14:36:14 amelia-VirtualBox systemd[1]: Starting Login Service...
Jan 13 14:36:14 amelia-VirtualBox anacron[1686]: Anacron 2.3 started on 2019-01-13
Jan 13 14:36:14 amelia-VirtualBox systemd[1]: Started CUPS Scheduler.
Jan 13 14:36:14 amelia-VirtualBox systemd[1]: Starting LSB: Set the CPU Frequency Scaling governor to "ondemand"...
Jan 13 14:36:14 amelia-VirtualBox systemd[1]: Starting LSB: daemon to balance interrupts for SMP systems...
Jan 13 14:36:14 amelia-VirtualBox systemd[1]: Started crash report submission daemon.
Jan 13 14:36:14 amelia-VirtualBox cron[1697]: (CRON) INFO (pidfile fd = 3)
Jan 13 14:36:14 amelia-VirtualBox systemd[1]: Starting Permit User Sessions...
Jan 13 14:36:14 amelia-VirtualBox systemd[1]: Started D-Bus System Message Bus.
Jan 13 14:36:14 amelia-VirtualBox anacron[1686]: Will run job `cron.daily' in 5 min.
Jan 13 14:36:14 amelia-VirtualBox anacron[1686]: Will run job `cron.weekly' in 10 min.
Jan 13 14:36:14 amelia-VirtualBox anacron[1686]: Will run job `cron.monthly' in 15 min.
Jan 13 14:36:14 amelia-VirtualBox anacron[1686]: Jobs will be executed sequentially
Jan 13 14:36:14 amelia-VirtualBox avahi-daemon[1698]: Found user 'avahi' (UID 111) and group 'avahi' (GID 120).
Jan 13 14:36:14 amelia-VirtualBox avahi-daemon[1698]: Successfully dropped root privileges.
Jan 13 14:36:14 amelia-VirtualBox avahi-daemon[1698]: avahi-daemon 0.6.32-rc starting up.
Jan 13 14:36:14 amelia-VirtualBox cron[1697]: (CRON) INFO (Running @reboot jobs)
Jan 13 14:36:14 amelia-VirtualBox dbus[1728]: [system] AppArmor D-Bus mediation is enabled
Jan 13 14:36:14 amelia-VirtualBox avahi-daemon[1698]: Successfully called chroot().
Jan 13 14:36:14 amelia-VirtualBox avahi-daemon[1698]: Successfully dropped remaining capabilities.
Jan 13 14:36:14 amelia-VirtualBox dbus[1728]: [system] Successfully activated service 'org.freedesktop.systemd1'
Jan 13 14:36:14 amelia-VirtualBox systemd[1]: Started Avahi mDNS/DNS-SD Stack.
Jan 13 14:36:14 amelia-VirtualBox systemd[1]: Started Make remote CUPS printers available locally.
Jan 13 14:36:14 amelia-VirtualBox avahi-daemon[1698]: No service file found in /etc/avahi/services.
Jan 13 14:36:14 amelia-VirtualBox systemd[1]: Started ACPI event daemon.
Jan 13 14:36:14 amelia-VirtualBox systemd[1]: Starting LSB: Record successful boot for GRUB...
Jan 13 14:36:14 amelia-VirtualBox systemd[1]: Starting Detect the available GPUs and deal with any system changes...
Jan 13 14:36:14 amelia-VirtualBox systemd[1]: Starting Network Manager...
Jan 13 14:36:14 amelia-VirtualBox avahi-daemon[1698]: Network interface enumeration completed.
Jan 13 14:36:14 amelia-VirtualBox avahi-daemon[1698]: Server startup complete. Host name is amelia-VirtualBox.local. Local service cookie is 2512762352.
Jan 13 14:36:14 amelia-VirtualBox systemd[1]: Starting System Logging Service...
Jan 13 14:36:14 amelia-VirtualBox systemd[1]: Starting Modem Manager...
Jan 13 14:36:14 amelia-VirtualBox systemd[1]: Starting Accounts Service...
Jan 13 14:36:14 amelia-VirtualBox thermald[1699]: NO RAPL sysfs present
Jan 13 14:36:14 amelia-VirtualBox thermald[1699]: 13 CPUID levels; family:model:stepping 0x6:2a:7 (6:42:7)
Jan 13 14:36:14 amelia-VirtualBox thermald[1699]: Polling mode is enabled: 4
Jan 13 14:36:14 amelia-VirtualBox thermald[1699]: Thermal DTS: No coretemp sysfs found
Jan 13 14:36:14 amelia-VirtualBox acpid: starting up with netlink and the input layer
Jan 13 14:36:14 amelia-VirtualBox gpu-manager[1773]: /etc/modprobe.d is not a file
Jan 13 14:36:14 amelia-VirtualBox gpu-manager[1773]: message repeated 4 times: [ /etc/modprobe.d is not a file]
Jan 13 14:36:14 amelia-VirtualBox gpu-manager[1773]: Error: can't open /lib/modules/4.4.0-31-generic/updates/dkms
Jan 13 14:36:14 amelia-VirtualBox gpu-manager[1773]: Error: can't open /lib/modules/4.4.0-31-generic/updates/dkms
Jan 13 14:36:14 amelia-VirtualBox systemd[1]: Started Snappy daemon.
Jan 13 14:36:14 amelia-VirtualBox systemd[1]: Started Restore /etc/resolv.conf if the system crashed before the ppp link was shut down.
Jan 13 14:36:14 amelia-VirtualBox systemd[1]: Started Permit User Sessions.
Jan 13 14:36:14 amelia-VirtualBox ModemManager[1783]: <info>  ModemManager (version 1.4.12) starting in system bus...
Jan 13 14:36:14 amelia-VirtualBox acpid: 9 rules loaded
Jan 13 14:36:14 amelia-VirtualBox acpid: waiting for events: event logging is off
Jan 13 14:36:14 amelia-VirtualBox thermald[1699]: Thermal DTS or hwmon: No Zones present Need to configure manually
Jan 13 14:36:14 amelia-VirtualBox thermald[1699]: No thermal sensors found
Jan 13 14:36:14 amelia-VirtualBox thermald[1699]: THD engine start failed
Jan 13 14:36:14 amelia-VirtualBox systemd[1]: Started Thermal Daemon Service.
Jan 13 14:36:14 amelia-VirtualBox systemd[1]: Started Login Service.
Jan 13 14:36:14 amelia-VirtualBox systemd[1]: Reached target Sound Card.
Jan 13 14:36:14 amelia-VirtualBox dbus[1728]: [system] Activating via systemd: service name='org.freedesktop.PolicyKit1' unit='polkitd.service'
Jan 13 14:36:14 amelia-VirtualBox systemd-udevd[694]: Process '/usr/sbin/alsactl -E HOME=/run/alsa restore 0' failed with exit code 99.
Jan 13 14:36:14 amelia-VirtualBox systemd[1]: Started System Logging Service.
Jan 13 14:36:14 amelia-VirtualBox systemd[1]: Starting Authenticate and Authorize Users to Run Privileged Tasks...
Jan 13 14:36:14 amelia-VirtualBox gpu-manager[1773]: update-alternatives: error: no alternatives for i386-linux-gnu_gfxcore_conf
Jan 13 14:36:14 amelia-VirtualBox systemd[1]: Started Detect the available GPUs and deal with any system changes.
Jan 13 14:36:14 amelia-VirtualBox systemd[1]: Starting Light Display Manager...
Jan 13 14:36:14 amelia-VirtualBox NetworkManager[1774]: <info>  [1547408174.8693] NetworkManager (version 1.2.0) is starting...
Jan 13 14:36:14 amelia-VirtualBox NetworkManager[1774]: <info>  [1547408174.8701] Read config: /etc/NetworkManager/NetworkManager.conf (etc: default-wifi-powersave-on.conf)
Jan 13 14:36:14 amelia-VirtualBox NetworkManager[1774]: <info>  [1547408174.8886] manager[0x8a0f0e8]: monitoring kernel firmware directory '/lib/firmware'.
Jan 13 14:36:14 amelia-VirtualBox NetworkManager[1774]: <info>  [1547408174.8892] monitoring ifupdown state file '/run/network/ifstate'.
Jan 13 14:36:14 amelia-VirtualBox polkitd[1823]: started daemon version 0.105 using authority implementation `local' version `0.105'
Jan 13 14:36:14 amelia-VirtualBox dbus[1728]: [system] Successfully activated service 'org.freedesktop.PolicyKit1'
Jan 13 14:36:14 amelia-VirtualBox systemd[1]: Started Authenticate and Authorize Users to Run Privileged Tasks.
Jan 13 14:36:14 amelia-VirtualBox accounts-daemon[1786]: started daemon version 0.6.40
Jan 13 14:36:14 amelia-VirtualBox whoopsie[1718]: [14:36:14] Using lock path: /var/lock/whoopsie/lock
Jan 13 14:36:14 amelia-VirtualBox systemd[1]: Started Accounts Service.
Jan 13 14:36:14 amelia-VirtualBox NetworkManager[1774]: <info>  [1547408174.9151] dns-mgr[0x8a1dc50]: set resolv-conf-mode: dnsmasq, plugin="dnsmasq"
Jan 13 14:36:14 amelia-VirtualBox NetworkManager[1774]: <info>  [1547408174.9151] dns-mgr[0x8a1dc50]: using resolv.conf manager 'resolvconf'
Jan 13 14:36:14 amelia-VirtualBox whoopsie[1718]: [14:36:14] Could not get the Network Manager state:
Jan 13 14:36:14 amelia-VirtualBox whoopsie[1718]: [14:36:14] GDBus.Error:org.freedesktop.DBus.Error.ServiceUnknown: The name org.freedesktop.NetworkManager was not provided by any .service files
Jan 13 14:36:14 amelia-VirtualBox systemd[1]: Started Network Manager.
Jan 13 14:36:14 amelia-VirtualBox systemd[1]: Started CUPS Scheduler.
Jan 13 14:36:14 amelia-VirtualBox dbus[1728]: [system] Activating via systemd: service name='org.freedesktop.nm_dispatcher' unit='dbus-org.freedesktop.nm-dispatcher.service'
Jan 13 14:36:15 amelia-VirtualBox systemd[1]: Starting Network Manager Script Dispatcher Service...
Jan 13 14:36:15 amelia-VirtualBox dbus[1728]: [system] Successfully activated service 'org.freedesktop.nm_dispatcher'
Jan 13 14:36:15 amelia-VirtualBox systemd[1]: Started Network Manager Script Dispatcher Service.
Jan 13 14:36:15 amelia-VirtualBox NetworkManager[1774]: <info>  [1547408175.1358] init!
Jan 13 14:36:15 amelia-VirtualBox NetworkManager[1774]: <info>  [1547408175.1362] management mode: unmanaged
Jan 13 14:36:15 amelia-VirtualBox NetworkManager[1774]: <info>  [1547408175.1380] devices added (path: /sys/devices/pci0000:00/0000:00:03.0/net/enp0s3, iface: enp0s3)
Jan 13 14:36:15 amelia-VirtualBox NetworkManager[1774]: <info>  [1547408175.1381] device added (path: /sys/devices/pci0000:00/0000:00:03.0/net/enp0s3, iface: enp0s3): no ifupdown configuration found.
Jan 13 14:36:15 amelia-VirtualBox NetworkManager[1774]: <info>  [1547408175.1381] devices added (path: /sys/devices/virtual/net/lo, iface: lo)
Jan 13 14:36:15 amelia-VirtualBox NetworkManager[1774]: <info>  [1547408175.1381] device added (path: /sys/devices/virtual/net/lo, iface: lo): no ifupdown configuration found.
Jan 13 14:36:15 amelia-VirtualBox NetworkManager[1774]: <info>  [1547408175.1381] end _init.
Jan 13 14:36:15 amelia-VirtualBox NetworkManager[1774]: <info>  [1547408175.1382] settings: loaded plugin ifupdown: (C) 2008 Canonical Ltd.  To report bugs please use the NetworkManager mailing list. (/usr/lib/i386-linux-gnu/NetworkManager/libnm-settings-plugin-ifupdown.so)
Jan 13 14:36:15 amelia-VirtualBox NetworkManager[1774]: <info>  [1547408175.1382] settings: loaded plugin keyfile: (c) 2007 - 2015 Red Hat, Inc.  To report bugs please use the NetworkManager mailing list.
Jan 13 14:36:15 amelia-VirtualBox NetworkManager[1774]: <info>  [1547408175.1502] SettingsPlugin-Ofono: init!
Jan 13 14:36:15 amelia-VirtualBox NetworkManager[1774]: <warn>  [1547408175.1503] SettingsPlugin-Ofono: file doesn't exist: /var/lib/ofono
Jan 13 14:36:15 amelia-VirtualBox NetworkManager[1774]: <info>  [1547408175.1504] SettingsPlugin-Ofono: end _init.
Jan 13 14:36:15 amelia-VirtualBox NetworkManager[1774]: <info>  [1547408175.1504] settings: loaded plugin ofono: (C) 2013-2016 Canonical Ltd.  To report bugs please use the NetworkManager mailing list. (/usr/lib/i386-linux-gnu/NetworkManager/libnm-settings-plugin-ofono.so)
Jan 13 14:36:15 amelia-VirtualBox NetworkManager[1774]: <info>  [1547408175.1504] (144913792) ... get_connections.
Jan 13 14:36:15 amelia-VirtualBox NetworkManager[1774]: <info>  [1547408175.1504] (144913792) ... get_connections (managed=false): return empty list.
Jan 13 14:36:15 amelia-VirtualBox dbus[1728]: [system] Activating via systemd: service name='org.freedesktop.hostname1' unit='dbus-org.freedesktop.hostname1.service'
Jan 13 14:36:15 amelia-VirtualBox systemd[1]: Started Modem Manager.
Jan 13 14:36:15 amelia-VirtualBox NetworkManager[1774]: <info>  [1547408175.1563] SettingsPlugin-Ofono: (144948248) ... get_connections.
Jan 13 14:36:15 amelia-VirtualBox NetworkManager[1774]: <info>  [1547408175.1563] SettingsPlugin-Ofono: (144948248) connections count: 0
Jan 13 14:36:15 amelia-VirtualBox NetworkManager[1774]: <info>  [1547408175.1563] get unmanaged devices count: 0
Jan 13 14:36:15 amelia-VirtualBox systemd[1]: Starting Hostname Service...
Jan 13 14:36:15 amelia-VirtualBox dbus[1728]: [system] Successfully activated service 'org.freedesktop.hostname1'
Jan 13 14:36:15 amelia-VirtualBox systemd[1]: Started Hostname Service.
Jan 13 14:36:15 amelia-VirtualBox NetworkManager[1774]: <info>  [1547408175.2127] settings: hostname: using hostnamed
Jan 13 14:36:15 amelia-VirtualBox NetworkManager[1774]: <info>  [1547408175.2127] settings: hostname changed from (none) to "amelia-VirtualBox"
Jan 13 14:36:15 amelia-VirtualBox NetworkManager[1774]: <info>  [1547408175.2129] Using DHCP client 'dhclient'
Jan 13 14:36:15 amelia-VirtualBox NetworkManager[1774]: <info>  [1547408175.2129] manager: WiFi enabled by radio killswitch; enabled by state file
Jan 13 14:36:15 amelia-VirtualBox NetworkManager[1774]: <info>  [1547408175.2130] manager: WWAN enabled by radio killswitch; enabled by state file
Jan 13 14:36:15 amelia-VirtualBox NetworkManager[1774]: <info>  [1547408175.2130] manager: Networking is enabled by state file
Jan 13 14:36:15 amelia-VirtualBox NetworkManager[1774]: <info>  [1547408175.2130] Loaded device plugin: NMVxlanFactory (internal)
Jan 13 14:36:15 amelia-VirtualBox NetworkManager[1774]: <info>  [1547408175.2130] Loaded device plugin: NMVlanFactory (internal)
Jan 13 14:36:15 amelia-VirtualBox NetworkManager[1774]: <info>  [1547408175.2131] Loaded device plugin: NMVethFactory (internal)
Jan 13 14:36:15 amelia-VirtualBox NetworkManager[1774]: <info>  [1547408175.2131] Loaded device plugin: NMTunFactory (internal)
Jan 13 14:36:15 amelia-VirtualBox NetworkManager[1774]: <info>  [1547408175.2131] Loaded device plugin: NMMacvlanFactory (internal)
Jan 13 14:36:15 amelia-VirtualBox NetworkManager[1774]: <info>  [1547408175.2131] Loaded device plugin: NMIPTunnelFactory (internal)
Jan 13 14:36:15 amelia-VirtualBox NetworkManager[1774]: <info>  [1547408175.2131] Loaded device plugin: NMInfinibandFactory (internal)
Jan 13 14:36:15 amelia-VirtualBox NetworkManager[1774]: <info>  [1547408175.2131] Loaded device plugin: NMEthernetFactory (internal)
Jan 13 14:36:15 amelia-VirtualBox NetworkManager[1774]: <info>  [1547408175.2132] Loaded device plugin: NMBridgeFactory (internal)
Jan 13 14:36:15 amelia-VirtualBox NetworkManager[1774]: <info>  [1547408175.2132] Loaded device plugin: NMBondFactory (internal)
Jan 13 14:36:15 amelia-VirtualBox nm-dispatcher: req:1 'hostname': new request (1 scripts)
Jan 13 14:36:15 amelia-VirtualBox nm-dispatcher: req:1 'hostname': start running ordered scripts...
Jan 13 14:36:15 amelia-VirtualBox /usr/lib/snapd/snapd[1800]: daemon.go:213: DEBUG: adding /
Jan 13 14:36:15 amelia-VirtualBox /usr/lib/snapd/snapd[1800]: daemon.go:213: DEBUG: adding /v2/system-info
Jan 13 14:36:15 amelia-VirtualBox /usr/lib/snapd/snapd[1800]: daemon.go:213: DEBUG: adding /v2/login
Jan 13 14:36:15 amelia-VirtualBox /usr/lib/snapd/snapd[1800]: daemon.go:213: DEBUG: adding /v2/logout
Jan 13 14:36:15 amelia-VirtualBox /usr/lib/snapd/snapd[1800]: daemon.go:213: DEBUG: adding /v2/icons/{name}/icon
Jan 13 14:36:15 amelia-VirtualBox /usr/lib/snapd/snapd[1800]: daemon.go:213: DEBUG: adding /v2/find
Jan 13 14:36:15 amelia-VirtualBox /usr/lib/snapd/snapd[1800]: daemon.go:213: DEBUG: adding /v2/snaps
Jan 13 14:36:15 amelia-VirtualBox /usr/lib/snapd/snapd[1800]: daemon.go:213: DEBUG: adding /v2/snaps/{name}
Jan 13 14:36:15 amelia-VirtualBox /usr/lib/snapd/snapd[1800]: daemon.go:213: DEBUG: adding /v2/interfaces
Jan 13 14:36:15 amelia-VirtualBox /usr/lib/snapd/snapd[1800]: daemon.go:213: DEBUG: adding /v2/assertions
Jan 13 14:36:15 amelia-VirtualBox /usr/lib/snapd/snapd[1800]: daemon.go:213: DEBUG: adding /v2/assertions/{assertType}
Jan 13 14:36:15 amelia-VirtualBox /usr/lib/snapd/snapd[1800]: daemon.go:213: DEBUG: adding /v2/events
Jan 13 14:36:15 amelia-VirtualBox /usr/lib/snapd/snapd[1800]: daemon.go:213: DEBUG: adding /v2/changes/{id}
Jan 13 14:36:15 amelia-VirtualBox /usr/lib/snapd/snapd[1800]: daemon.go:213: DEBUG: adding /v2/changes
Jan 13 14:36:15 amelia-VirtualBox /usr/lib/snapd/snapd[1800]: daemon.go:213: DEBUG: adding /v2/create-user
Jan 13 14:36:15 amelia-VirtualBox /usr/lib/snapd/snapd[1800]: daemon.go:203: DEBUG: init done in 21.836105ms
Jan 13 14:36:15 amelia-VirtualBox NetworkManager[1774]: <info>  [1547408175.3099] Loaded device plugin: NMWwanFactory (/usr/lib/i386-linux-gnu/NetworkManager/libnm-device-plugin-wwan.so)
Jan 13 14:36:15 amelia-VirtualBox systemd[1]: Received SIGRTMIN+20 from PID 841 (plymouthd).
Jan 13 14:36:15 amelia-VirtualBox NetworkManager[1774]: <info>  [1547408175.3455] Loaded device plugin: NMBluezManager (/usr/lib/i386-linux-gnu/NetworkManager/libnm-device-plugin-bluetooth.so)
Jan 13 14:36:15 amelia-VirtualBox apport[1687]:  * Starting automatic crash report generation: apport
Jan 13 14:36:15 amelia-VirtualBox speech-dispatcher[1689]:  * speech-dispatcher disabled; edit /etc/default/speech-dispatcher
Jan 13 14:36:15 amelia-VirtualBox systemd[1]: Started LSB: Speech Dispatcher.
Jan 13 14:36:15 amelia-VirtualBox NetworkManager[1774]: <info>  [1547408175.3653] Loaded device plugin: NMWifiFactory (/usr/lib/i386-linux-gnu/NetworkManager/libnm-device-plugin-wifi.so)
Jan 13 14:36:15 amelia-VirtualBox irqbalance[1716]:  * Starting SMP IRQ Balancer: irqbalance
Jan 13 14:36:15 amelia-VirtualBox systemd[1]: Started LSB: Set the CPU Frequency Scaling governor to "ondemand".
Jan 13 14:36:15 amelia-VirtualBox systemd[1]: Received SIGRTMIN+21 from PID 841 (plymouthd).
Jan 13 14:36:15 amelia-VirtualBox NetworkManager[1774]: <info>  [1547408175.4167] Loaded device plugin: NMAtmManager (/usr/lib/i386-linux-gnu/NetworkManager/libnm-device-plugin-adsl.so)
Jan 13 14:36:15 amelia-VirtualBox systemd[1]: Started Raise network interfaces.
Jan 13 14:36:15 amelia-VirtualBox systemd[1]: Reached target Network.
Jan 13 14:36:15 amelia-VirtualBox systemd[1]: Starting /etc/rc.local Compatibility...
Jan 13 14:36:15 amelia-VirtualBox irqbalance[1716]:    ...done.
Jan 13 14:36:15 amelia-VirtualBox NetworkManager[1774]: nm_device_get_device_type: assertion 'NM_IS_DEVICE (self)' failed
Jan 13 14:36:15 amelia-VirtualBox /usr/sbin/irqbalance: Balancing is ineffective on systems with a single cpu.  Shutting down
Jan 13 14:36:15 amelia-VirtualBox NetworkManager[1774]: <info>  [1547408175.4321] device (lo): link connected
Jan 13 14:36:15 amelia-VirtualBox NetworkManager[1774]: <info>  [1547408175.4350] manager: (lo): new Generic device (/org/freedesktop/NetworkManager/Devices/0)
Jan 13 14:36:15 amelia-VirtualBox systemd[1]: Started LSB: daemon to balance interrupts for SMP systems.
Jan 13 14:36:15 amelia-VirtualBox systemd[1]: Started Light Display Manager.
Jan 13 14:36:15 amelia-VirtualBox NetworkManager[1774]: <info>  [1547408175.4415] manager: (enp0s3): new Ethernet device (/org/freedesktop/NetworkManager/Devices/1)
Jan 13 14:36:15 amelia-VirtualBox systemd[1]: Started /etc/rc.local Compatibility.
Jan 13 14:36:15 amelia-VirtualBox NetworkManager[1774]: <info>  [1547408175.4447] keyfile: add connection in-memory (26dcfb78-cfc4-494b-9733-06f5ec0cb650,"Wired connection 1")
Jan 13 14:36:15 amelia-VirtualBox systemd[1]: Starting Hold until boot process finishes up...
Jan 13 14:36:15 amelia-VirtualBox NetworkManager[1774]: <info>  [1547408175.4576] settings: (enp0s3): created default wired connection 'Wired connection 1'
Jan 13 14:36:15 amelia-VirtualBox systemd[1]: Started Hold until boot process finishes up.
Jan 13 14:36:15 amelia-VirtualBox NetworkManager[1774]: <info>  [1547408175.4635] device (enp0s3): state change: unmanaged -> unavailable (reason 'managed') [10 20 2]
Jan 13 14:36:15 amelia-VirtualBox apport[1687]:    ...done.
Jan 13 14:36:15 amelia-VirtualBox systemd[1]: Started LSB: automatic crash report generation.
Jan 13 14:36:15 amelia-VirtualBox systemd[1]: Starting Set console scheme...
Jan 13 14:36:15 amelia-VirtualBox systemd[1]: Started Getty on tty1.
Jan 13 14:36:15 amelia-VirtualBox systemd[1]: Reached target Login Prompts.
Jan 13 14:36:15 amelia-VirtualBox systemd[1]: Started Set console scheme.
Jan 13 14:36:15 amelia-VirtualBox kernel: [   14.168847] IPv6: ADDRCONF(NETDEV_UP): enp0s3: link is not ready
Jan 13 14:36:15 amelia-VirtualBox kernel: [   14.170398] IPv6: ADDRCONF(NETDEV_UP): enp0s3: link is not ready
Jan 13 14:36:15 amelia-VirtualBox kernel: [   14.172443] e1000: enp0s3 NIC Link is Up 1000 Mbps Full Duplex, Flow Control: RX
Jan 13 14:36:15 amelia-VirtualBox kernel: [   14.172751] IPv6: ADDRCONF(NETDEV_CHANGE): enp0s3: link becomes ready
Jan 13 14:36:15 amelia-VirtualBox NetworkManager[1774]: <info>  [1547408175.5850] urfkill disappeared from the bus
Jan 13 14:36:15 amelia-VirtualBox NetworkManager[1774]: <info>  [1547408175.5892] device (enp0s3): link connected
Jan 13 14:36:15 amelia-VirtualBox NetworkManager[1774]: <info>  [1547408175.5928] ModemManager available in the bus
Jan 13 14:36:15 amelia-VirtualBox NetworkManager[1774]: <info>  [1547408175.5934] ofono is now available
Jan 13 14:36:15 amelia-VirtualBox NetworkManager[1774]: <warn>  [1547408175.5941] failed to enumerate oFono devices: GDBus.Error:org.freedesktop.DBus.Error.ServiceUnknown: The name org.ofono was not provided by any .service files
Jan 13 14:36:15 amelia-VirtualBox NetworkManager[1774]: <info>  [1547408175.5946] device (enp0s3): state change: unavailable -> disconnected (reason 'carrier-changed') [20 30 40]
Jan 13 14:36:15 amelia-VirtualBox NetworkManager[1774]: <info>  [1547408175.5979] policy: auto-activating connection 'Wired connection 1'
Jan 13 14:36:15 amelia-VirtualBox NetworkManager[1774]: <info>  [1547408175.5992] device (enp0s3): Activation: starting connection 'Wired connection 1' (26dcfb78-cfc4-494b-9733-06f5ec0cb650)
Jan 13 14:36:15 amelia-VirtualBox NetworkManager[1774]: <info>  [1547408175.5998] device (enp0s3): state change: disconnected -> prepare (reason 'none') [30 40 0]
Jan 13 14:36:15 amelia-VirtualBox NetworkManager[1774]: <info>  [1547408175.6002] manager: NetworkManager state is now CONNECTING
Jan 13 14:36:15 amelia-VirtualBox whoopsie[1718]: [14:36:15] offline
Jan 13 14:36:15 amelia-VirtualBox NetworkManager[1774]: <info>  [1547408175.6019] device (enp0s3): state change: prepare -> config (reason 'none') [40 50 0]
Jan 13 14:36:15 amelia-VirtualBox NetworkManager[1774]: <info>  [1547408175.6032] device (enp0s3): state change: config -> ip-config (reason 'none') [50 70 0]
Jan 13 14:36:15 amelia-VirtualBox NetworkManager[1774]: <info>  [1547408175.6087] dhcp4 (enp0s3): activation: beginning transaction (timeout in 45 seconds)
Jan 13 14:36:15 amelia-VirtualBox systemd[1]: Started LSB: Record successful boot for GRUB.
Jan 13 14:36:15 amelia-VirtualBox systemd[1]: Reached target Multi-User System.
Jan 13 14:36:15 amelia-VirtualBox systemd[1]: Reached target Graphical Interface.
Jan 13 14:36:15 amelia-VirtualBox systemd[1]: Starting Update UTMP about System Runlevel Changes...
Jan 13 14:36:15 amelia-VirtualBox systemd[1]: Started Update UTMP about System Runlevel Changes.
Jan 13 14:36:15 amelia-VirtualBox systemd[1]: Startup finished in 4.699s (kernel) + 9.272s (userspace) = 13.971s.
Jan 13 14:36:15 amelia-VirtualBox NetworkManager[1774]: <info>  [1547408175.6527] dhcp4 (enp0s3): dhclient started with pid 1937
Jan 13 14:36:15 amelia-VirtualBox dhclient[1937]: DHCPDISCOVER on enp0s3 to 255.255.255.255 port 67 interval 3 (xid=0x4403f055)
Jan 13 14:36:15 amelia-VirtualBox dhclient[1937]: DHCPREQUEST of 10.0.2.15 on enp0s3 to 255.255.255.255 port 67 (xid=0x55f00344)
Jan 13 14:36:15 amelia-VirtualBox dhclient[1937]: DHCPOFFER of 10.0.2.15 from 10.0.2.2
Jan 13 14:36:15 amelia-VirtualBox dhclient[1937]: DHCPACK of 10.0.2.15 from 10.0.2.2
Jan 13 14:36:15 amelia-VirtualBox NetworkManager[1774]: <info>  [1547408175.9889]   address 10.0.2.15
Jan 13 14:36:15 amelia-VirtualBox NetworkManager[1774]: <info>  [1547408175.9894]   plen 24 (255.255.255.0)
Jan 13 14:36:15 amelia-VirtualBox NetworkManager[1774]: <info>  [1547408175.9897]   gateway 10.0.2.2
Jan 13 14:36:15 amelia-VirtualBox NetworkManager[1774]: <info>  [1547408175.9901]   server identifier 10.0.2.2
Jan 13 14:36:15 amelia-VirtualBox NetworkManager[1774]: <info>  [1547408175.9905]   lease time 86400
Jan 13 14:36:15 amelia-VirtualBox NetworkManager[1774]: <info>  [1547408175.9908]   nameserver '10.0.2.3'
Jan 13 14:36:15 amelia-VirtualBox NetworkManager[1774]: <info>  [1547408175.9912]   domain name 'dyn.wpi.edu'
Jan 13 14:36:15 amelia-VirtualBox NetworkManager[1774]: <info>  [1547408175.9915] dhcp4 (enp0s3): state changed unknown -> bound
Jan 13 14:36:15 amelia-VirtualBox avahi-daemon[1698]: Joining mDNS multicast group on interface enp0s3.IPv4 with address 10.0.2.15.
Jan 13 14:36:15 amelia-VirtualBox avahi-daemon[1698]: New relevant interface enp0s3.IPv4 for mDNS.
Jan 13 14:36:15 amelia-VirtualBox avahi-daemon[1698]: Registering new address record for 10.0.2.15 on enp0s3.IPv4.
Jan 13 14:36:15 amelia-VirtualBox NetworkManager[1774]: <info>  [1547408175.9964] device (enp0s3): state change: ip-config -> ip-check (reason 'none') [70 80 0]
Jan 13 14:36:15 amelia-VirtualBox NetworkManager[1774]: <info>  [1547408175.9986] device (enp0s3): state change: ip-check -> secondaries (reason 'none') [80 90 0]
Jan 13 14:36:15 amelia-VirtualBox NetworkManager[1774]: <info>  [1547408175.9994] device (enp0s3): state change: secondaries -> activated (reason 'none') [90 100 0]
Jan 13 14:36:15 amelia-VirtualBox NetworkManager[1774]: <info>  [1547408175.9998] manager: NetworkManager state is now CONNECTED_LOCAL
Jan 13 14:36:16 amelia-VirtualBox NetworkManager[1774]: <info>  [1547408176.0006] manager: NetworkManager state is now CONNECTED_GLOBAL
Jan 13 14:36:16 amelia-VirtualBox NetworkManager[1774]: <info>  [1547408176.0011] policy: set 'Wired connection 1' (enp0s3) as default for IPv4 routing and DNS
Jan 13 14:36:16 amelia-VirtualBox NetworkManager[1774]: <info>  [1547408176.0019] DNS: starting dnsmasq...
Jan 13 14:36:16 amelia-VirtualBox dhclient[1937]: bound to 10.0.2.15 -- renewal in 39502 seconds.
Jan 13 14:36:16 amelia-VirtualBox NetworkManager[1774]: <warn>  [1547408176.0395] dnsmasq[0x8a107d0]: dnsmasq not found on the bus. The nameserver update will be sent when dnsmasq appears
Jan 13 14:36:16 amelia-VirtualBox NetworkManager[1774]: <info>  [1547408176.0405] dns-mgr: Writing DNS information to /sbin/resolvconf
Jan 13 14:36:16 amelia-VirtualBox whoopsie[1718]: [14:36:16] Cannot reach: https://daisy.ubuntu.com
Jan 13 14:36:16 amelia-VirtualBox dnsmasq[1951]: started, version 2.75 cache disabled
Jan 13 14:36:16 amelia-VirtualBox dnsmasq[1951]: compile time options: IPv6 GNU-getopt DBus i18n IDN DHCP DHCPv6 no-Lua TFTP conntrack ipset auth DNSSEC loop-detect inotify
Jan 13 14:36:16 amelia-VirtualBox dnsmasq[1951]: DBus support enabled: connected to system bus
Jan 13 14:36:16 amelia-VirtualBox dnsmasq[1951]: warning: no upstream servers configured
Jan 13 14:36:16 amelia-VirtualBox NetworkManager[1774]: <info>  [1547408176.5808] device (enp0s3): Activation: successful, device activated.
Jan 13 14:36:16 amelia-VirtualBox nm-dispatcher: req:2 'up' [enp0s3]: new request (1 scripts)
Jan 13 14:36:16 amelia-VirtualBox nm-dispatcher: req:2 'up' [enp0s3]: start running ordered scripts...
Jan 13 14:36:16 amelia-VirtualBox NetworkManager[1774]: <info>  [1547408176.5915] dnsmasq[0x8a107d0]: dnsmasq appeared as :1.17
Jan 13 14:36:16 amelia-VirtualBox whoopsie[1718]: [14:36:16] The default IPv4 route is: /org/freedesktop/NetworkManager/ActiveConnection/0
Jan 13 14:36:16 amelia-VirtualBox NetworkManager[1774]: <info>  [1547408176.5927] dns-mgr: Writing DNS information to /sbin/resolvconf
Jan 13 14:36:16 amelia-VirtualBox dnsmasq[1951]: setting upstream servers from DBus
Jan 13 14:36:16 amelia-VirtualBox dnsmasq[1951]: using nameserver 10.0.2.3#53
Jan 13 14:36:16 amelia-VirtualBox whoopsie[1718]: [14:36:16] Not a paid data plan: /org/freedesktop/NetworkManager/ActiveConnection/0
Jan 13 14:36:16 amelia-VirtualBox whoopsie[1718]: [14:36:16] Found usable connection: /org/freedesktop/NetworkManager/ActiveConnection/0
Jan 13 14:36:16 amelia-VirtualBox whoopsie[1718]: [14:36:16] online
Jan 13 14:36:17 amelia-VirtualBox avahi-daemon[1698]: Joining mDNS multicast group on interface enp0s3.IPv6 with address fe80::cdfc:b5cb:3c55:2aa5.
Jan 13 14:36:17 amelia-VirtualBox avahi-daemon[1698]: New relevant interface enp0s3.IPv6 for mDNS.
Jan 13 14:36:17 amelia-VirtualBox avahi-daemon[1698]: Registering new address record for fe80::cdfc:b5cb:3c55:2aa5 on enp0s3.*.
Jan 13 14:36:17 amelia-VirtualBox systemd[1]: Created slice User Slice of lightdm.
Jan 13 14:36:17 amelia-VirtualBox systemd[1]: Started Session c1 of user lightdm.
Jan 13 14:36:17 amelia-VirtualBox systemd[1]: Starting User Manager for UID 108...
Jan 13 14:36:17 amelia-VirtualBox systemd[2113]: Reached target Timers.
Jan 13 14:36:17 amelia-VirtualBox systemd[2113]: Reached target Sockets.
Jan 13 14:36:17 amelia-VirtualBox systemd[2113]: Reached target Paths.
Jan 13 14:36:17 amelia-VirtualBox systemd[2113]: Reached target Basic System.
Jan 13 14:36:17 amelia-VirtualBox systemd[2113]: Reached target Default.
Jan 13 14:36:17 amelia-VirtualBox systemd[2113]: Startup finished in 69ms.
Jan 13 14:36:17 amelia-VirtualBox systemd[1]: Started User Manager for UID 108.
Jan 13 14:36:17 amelia-VirtualBox ModemManager[1783]: <info>  Couldn't find support for device at '/sys/devices/pci0000:00/0000:00:03.0': not supported by any plugin
Jan 13 14:36:19 amelia-VirtualBox org.a11y.atspi.Registry[2143]: SpiRegistry daemon is running with well-known name - org.a11y.atspi.Registry
Jan 13 14:36:20 amelia-VirtualBox NetworkManager[1774]: <info>  [1547408180.6598] manager: startup complete
Jan 13 14:36:21 amelia-VirtualBox dbus[1728]: [system] Activating via systemd: service name='org.bluez' unit='dbus-org.bluez.service'
Jan 13 14:36:22 amelia-VirtualBox dbus[1728]: [system] Activating via systemd: service name='org.freedesktop.RealtimeKit1' unit='rtkit-daemon.service'
Jan 13 14:36:22 amelia-VirtualBox systemd[1]: Starting RealtimeKit Scheduling Policy Service...
Jan 13 14:36:22 amelia-VirtualBox dbus[1728]: [system] Successfully activated service 'org.freedesktop.RealtimeKit1'
Jan 13 14:36:22 amelia-VirtualBox rtkit-daemon[2231]: Successfully called chroot.
Jan 13 14:36:22 amelia-VirtualBox rtkit-daemon[2231]: Successfully dropped privileges.
Jan 13 14:36:22 amelia-VirtualBox rtkit-daemon[2231]: Successfully limited resources.
Jan 13 14:36:22 amelia-VirtualBox rtkit-daemon[2231]: Running.
Jan 13 14:36:22 amelia-VirtualBox rtkit-daemon[2231]: Successfully made thread 2230 of process 2230 (n/a) owned by '108' high priority at nice level -11.
Jan 13 14:36:22 amelia-VirtualBox rtkit-daemon[2231]: Supervising 1 threads of 1 processes of 1 users.
Jan 13 14:36:22 amelia-VirtualBox systemd[1]: Started RealtimeKit Scheduling Policy Service.
Jan 13 14:36:22 amelia-VirtualBox rtkit-daemon[2231]: Watchdog thread running.
Jan 13 14:36:22 amelia-VirtualBox rtkit-daemon[2231]: Canary thread running.
Jan 13 14:36:23 amelia-VirtualBox pulseaudio[2230]: [pulseaudio] alsa-util.c: Disabling timer-based scheduling because running inside a VM.
Jan 13 14:36:23 amelia-VirtualBox pulseaudio[2230]: [pulseaudio] sink.c: Default and alternate sample rates are the same.
Jan 13 14:36:23 amelia-VirtualBox rtkit-daemon[2231]: Supervising 1 threads of 1 processes of 1 users.
Jan 13 14:36:23 amelia-VirtualBox rtkit-daemon[2231]: Successfully made thread 2243 of process 2230 (n/a) owned by '108' RT at priority 5.
Jan 13 14:36:23 amelia-VirtualBox rtkit-daemon[2231]: Supervising 2 threads of 1 processes of 1 users.
Jan 13 14:36:23 amelia-VirtualBox pulseaudio[2230]: [pulseaudio] alsa-util.c: Disabling timer-based scheduling because running inside a VM.
Jan 13 14:36:23 amelia-VirtualBox rtkit-daemon[2231]: Supervising 2 threads of 1 processes of 1 users.
Jan 13 14:36:23 amelia-VirtualBox rtkit-daemon[2231]: Successfully made thread 2244 of process 2230 (n/a) owned by '108' RT at priority 5.
Jan 13 14:36:23 amelia-VirtualBox rtkit-daemon[2231]: Supervising 3 threads of 1 processes of 1 users.
Jan 13 14:36:23 amelia-VirtualBox dbus[1728]: [system] Activating via systemd: service name='org.freedesktop.UPower' unit='upower.service'
Jan 13 14:36:23 amelia-VirtualBox pulseaudio[2230]: [pulseaudio] authkey.c: Failed to open cookie file '/var/lib/lightdm/.config/pulse/cookie': No such file or directory
Jan 13 14:36:23 amelia-VirtualBox pulseaudio[2230]: [pulseaudio] authkey.c: Failed to load authentication key '/var/lib/lightdm/.config/pulse/cookie': No such file or directory
Jan 13 14:36:23 amelia-VirtualBox pulseaudio[2230]: [pulseaudio] authkey.c: Failed to open cookie file '/var/lib/lightdm/.pulse-cookie': No such file or directory
Jan 13 14:36:23 amelia-VirtualBox pulseaudio[2230]: [pulseaudio] authkey.c: Failed to load authentication key '/var/lib/lightdm/.pulse-cookie': No such file or directory
Jan 13 14:36:23 amelia-VirtualBox systemd[1]: Starting Daemon for power management...
Jan 13 14:36:23 amelia-VirtualBox rtkit-daemon[2231]: Successfully made thread 2249 of process 2249 (n/a) owned by '108' high priority at nice level -11.
Jan 13 14:36:23 amelia-VirtualBox rtkit-daemon[2231]: Supervising 4 threads of 2 processes of 1 users.
Jan 13 14:36:23 amelia-VirtualBox pulseaudio[2249]: [pulseaudio] pid.c: Daemon already running.
Jan 13 14:36:23 amelia-VirtualBox dbus[1728]: [system] Successfully activated service 'org.freedesktop.UPower'
Jan 13 14:36:23 amelia-VirtualBox systemd[1]: Started Daemon for power management.
Jan 13 14:36:23 amelia-VirtualBox dbus[1728]: [system] Activating via systemd: service name='org.freedesktop.ColorManager' unit='colord.service'
Jan 13 14:36:24 amelia-VirtualBox systemd[1]: Starting Manage, Install and Generate Color Profiles...
Jan 13 14:36:24 amelia-VirtualBox colord[2260]: (colord:2260): Cd-WARNING **: failed to get edid data: EDID length is too small
Jan 13 14:36:24 amelia-VirtualBox dbus[1728]: [system] Successfully activated service 'org.freedesktop.ColorManager'
Jan 13 14:36:24 amelia-VirtualBox systemd[1]: Started Manage, Install and Generate Color Profiles.
Jan 13 14:36:25 amelia-VirtualBox NetworkManager[1774]: <info>  [1547408185.6583] WiFi hardware radio set enabled
Jan 13 14:36:25 amelia-VirtualBox NetworkManager[1774]: <info>  [1547408185.6584] WWAN hardware radio set enabled
Jan 13 14:36:39 amelia-VirtualBox systemd-timesyncd[919]: Synchronized to time server 91.189.91.157:123 (ntp.ubuntu.com).
Jan 13 14:36:46 amelia-VirtualBox pulseaudio[2230]: [pulseaudio] bluez5-util.c: GetManagedObjects() failed: org.freedesktop.DBus.Error.TimedOut: Failed to activate service 'org.bluez': timed out
Jan 13 14:37:12 amelia-VirtualBox org.gtk.vfs.Daemon[2127]: A connection to the bus can't be made
Jan 13 14:37:12 amelia-VirtualBox systemd[1]: Created slice User Slice of amelia.
Jan 13 14:37:12 amelia-VirtualBox systemd[1]: Starting User Manager for UID 1000...
Jan 13 14:37:12 amelia-VirtualBox systemd[1]: Started Session c2 of user amelia.
Jan 13 14:37:12 amelia-VirtualBox systemd[2296]: Reached target Sockets.
Jan 13 14:37:12 amelia-VirtualBox systemd[2296]: Reached target Timers.
Jan 13 14:37:12 amelia-VirtualBox systemd[2296]: Reached target Paths.
Jan 13 14:37:12 amelia-VirtualBox systemd[2296]: Reached target Basic System.
Jan 13 14:37:12 amelia-VirtualBox systemd[2296]: Reached target Default.
Jan 13 14:37:12 amelia-VirtualBox systemd[2296]: Startup finished in 118ms.
Jan 13 14:37:12 amelia-VirtualBox systemd[1]: Started User Manager for UID 1000.
Jan 13 14:37:14 amelia-VirtualBox org.ayatana.bamf[2410]: bamfdaemon start/running, process 2484
Jan 13 14:37:14 amelia-VirtualBox org.a11y.Bus[2410]: ** (process:2503): WARNING **: Failed to register client: GDBus.Error:org.freedesktop.DBus.Error.ServiceUnknown: The name org.gnome.SessionManager was not provided by any .service files
Jan 13 14:37:14 amelia-VirtualBox org.a11y.Bus[2410]: Activating service name='org.a11y.atspi.Registry'
Jan 13 14:37:14 amelia-VirtualBox org.a11y.Bus[2410]: Successfully activated service 'org.a11y.atspi.Registry'
